Archive member included to satisfy reference by file (symbol)

c:/program files/at32ide/platform/tools/gcc-arm-none-eabi-10.3-2021.10/bin/../lib/gcc/arm-none-eabi/10.3.1/../../../../arm-none-eabi/lib/thumb/v7e-m+fp/hard\libg_nano.a(lib_a-exit.o)
                              c:/program files/at32ide/platform/tools/gcc-arm-none-eabi-10.3-2021.10/bin/../lib/gcc/arm-none-eabi/10.3.1/../../../../arm-none-eabi/lib/thumb/v7e-m+fp/hard/crt0.o (exit)
c:/program files/at32ide/platform/tools/gcc-arm-none-eabi-10.3-2021.10/bin/../lib/gcc/arm-none-eabi/10.3.1/../../../../arm-none-eabi/lib/thumb/v7e-m+fp/hard\libg_nano.a(lib_a-impure.o)
                              c:/program files/at32ide/platform/tools/gcc-arm-none-eabi-10.3-2021.10/bin/../lib/gcc/arm-none-eabi/10.3.1/../../../../arm-none-eabi/lib/thumb/v7e-m+fp/hard\libg_nano.a(lib_a-exit.o) (_global_impure_ptr)
c:/program files/at32ide/platform/tools/gcc-arm-none-eabi-10.3-2021.10/bin/../lib/gcc/arm-none-eabi/10.3.1/../../../../arm-none-eabi/lib/thumb/v7e-m+fp/hard\libg_nano.a(lib_a-init.o)
                              c:/program files/at32ide/platform/tools/gcc-arm-none-eabi-10.3-2021.10/bin/../lib/gcc/arm-none-eabi/10.3.1/../../../../arm-none-eabi/lib/thumb/v7e-m+fp/hard/crt0.o (__libc_init_array)
c:/program files/at32ide/platform/tools/gcc-arm-none-eabi-10.3-2021.10/bin/../lib/gcc/arm-none-eabi/10.3.1/../../../../arm-none-eabi/lib/thumb/v7e-m+fp/hard\libg_nano.a(lib_a-memset.o)
                              c:/program files/at32ide/platform/tools/gcc-arm-none-eabi-10.3-2021.10/bin/../lib/gcc/arm-none-eabi/10.3.1/../../../../arm-none-eabi/lib/thumb/v7e-m+fp/hard/crt0.o (memset)
c:/program files/at32ide/platform/tools/gcc-arm-none-eabi-10.3-2021.10/bin/../lib/gcc/arm-none-eabi/10.3.1/../../../../arm-none-eabi/lib/thumb/v7e-m+fp/hard\libg_nano.a(lib_a-setvbuf.o)
                              ./user/main.o (setvbuf)
c:/program files/at32ide/platform/tools/gcc-arm-none-eabi-10.3-2021.10/bin/../lib/gcc/arm-none-eabi/10.3.1/../../../../arm-none-eabi/lib/thumb/v7e-m+fp/hard\libg_nano.a(lib_a-fflush.o)
                              c:/program files/at32ide/platform/tools/gcc-arm-none-eabi-10.3-2021.10/bin/../lib/gcc/arm-none-eabi/10.3.1/../../../../arm-none-eabi/lib/thumb/v7e-m+fp/hard\libg_nano.a(lib_a-setvbuf.o) (_fflush_r)
c:/program files/at32ide/platform/tools/gcc-arm-none-eabi-10.3-2021.10/bin/../lib/gcc/arm-none-eabi/10.3.1/../../../../arm-none-eabi/lib/thumb/v7e-m+fp/hard\libg_nano.a(lib_a-findfp.o)
                              c:/program files/at32ide/platform/tools/gcc-arm-none-eabi-10.3-2021.10/bin/../lib/gcc/arm-none-eabi/10.3.1/../../../../arm-none-eabi/lib/thumb/v7e-m+fp/hard\libg_nano.a(lib_a-setvbuf.o) (__sinit)
c:/program files/at32ide/platform/tools/gcc-arm-none-eabi-10.3-2021.10/bin/../lib/gcc/arm-none-eabi/10.3.1/../../../../arm-none-eabi/lib/thumb/v7e-m+fp/hard\libg_nano.a(lib_a-fwalk.o)
                              c:/program files/at32ide/platform/tools/gcc-arm-none-eabi-10.3-2021.10/bin/../lib/gcc/arm-none-eabi/10.3.1/../../../../arm-none-eabi/lib/thumb/v7e-m+fp/hard\libg_nano.a(lib_a-findfp.o) (_fwalk)
c:/program files/at32ide/platform/tools/gcc-arm-none-eabi-10.3-2021.10/bin/../lib/gcc/arm-none-eabi/10.3.1/../../../../arm-none-eabi/lib/thumb/v7e-m+fp/hard\libg_nano.a(lib_a-lock.o)
                              c:/program files/at32ide/platform/tools/gcc-arm-none-eabi-10.3-2021.10/bin/../lib/gcc/arm-none-eabi/10.3.1/../../../../arm-none-eabi/lib/thumb/v7e-m+fp/hard\libg_nano.a(lib_a-findfp.o) (__retarget_lock_init_recursive)
c:/program files/at32ide/platform/tools/gcc-arm-none-eabi-10.3-2021.10/bin/../lib/gcc/arm-none-eabi/10.3.1/../../../../arm-none-eabi/lib/thumb/v7e-m+fp/hard\libg_nano.a(lib_a-makebuf.o)
                              c:/program files/at32ide/platform/tools/gcc-arm-none-eabi-10.3-2021.10/bin/../lib/gcc/arm-none-eabi/10.3.1/../../../../arm-none-eabi/lib/thumb/v7e-m+fp/hard\libg_nano.a(lib_a-setvbuf.o) (__swhatbuf_r)
c:/program files/at32ide/platform/tools/gcc-arm-none-eabi-10.3-2021.10/bin/../lib/gcc/arm-none-eabi/10.3.1/../../../../arm-none-eabi/lib/thumb/v7e-m+fp/hard\libg_nano.a(lib_a-malloc.o)
                              c:/program files/at32ide/platform/tools/gcc-arm-none-eabi-10.3-2021.10/bin/../lib/gcc/arm-none-eabi/10.3.1/../../../../arm-none-eabi/lib/thumb/v7e-m+fp/hard\libg_nano.a(lib_a-setvbuf.o) (malloc)
c:/program files/at32ide/platform/tools/gcc-arm-none-eabi-10.3-2021.10/bin/../lib/gcc/arm-none-eabi/10.3.1/../../../../arm-none-eabi/lib/thumb/v7e-m+fp/hard\libg_nano.a(lib_a-nano-freer.o)
                              c:/program files/at32ide/platform/tools/gcc-arm-none-eabi-10.3-2021.10/bin/../lib/gcc/arm-none-eabi/10.3.1/../../../../arm-none-eabi/lib/thumb/v7e-m+fp/hard\libg_nano.a(lib_a-setvbuf.o) (_free_r)
c:/program files/at32ide/platform/tools/gcc-arm-none-eabi-10.3-2021.10/bin/../lib/gcc/arm-none-eabi/10.3.1/../../../../arm-none-eabi/lib/thumb/v7e-m+fp/hard\libg_nano.a(lib_a-nano-mallocr.o)
[...]
Memory Configuration

Name             Origin             Length             Attributes
FLASH            0x08000000         0x000fa000         xr
RAM              0x20000000         0x00018000         xrw
*default*        0x00000000         0xffffffff

Linker script and memory map

LOAD c:/program files/at32ide/platform/tools/gcc-arm-none-eabi-10.3-2021.10/bin/../lib/gcc/arm-none-eabi/10.3.1/thumb/v7e-m+fp/hard/crti.o
LOAD c:/program files/at32ide/platform/tools/gcc-arm-none-eabi-10.3-2021.10/bin/../lib/gcc/arm-none-eabi/10.3.1/thumb/v7e-m+fp/hard/crtbegin.o
LOAD c:/program files/at32ide/platform/tools/gcc-arm-none-eabi-10.3-2021.10/bin/../lib/gcc/arm-none-eabi/10.3.1/../../../../arm-none-eabi/lib/thumb/v7e-m+fp/hard/crt0.o
LOAD ./user/at32f403a_407_clock.o
LOAD ./user/at32f403a_407_int.o
LOAD ./user/can_interrupt.o
LOAD ./user/main.o
LOAD ./user/spi_interrupts.o
LOAD ./user/tmr_interrupt.o
LOAD ./user/usart_interrupts.o
LOAD ./firmware/at32f403a_407_acc.o
LOAD ./firmware/at32f403a_407_adc.o
LOAD ./firmware/at32f403a_407_bpr.o
LOAD ./firmware/at32f403a_407_can.o
LOAD ./firmware/at32f403a_407_crc.o
LOAD ./firmware/at32f403a_407_crm.o
LOAD ./firmware/at32f403a_407_dac.o
LOAD ./firmware/at32f403a_407_debug.o
LOAD ./firmware/at32f403a_407_dma.o
LOAD ./firmware/at32f403a_407_emac.o
LOAD ./firmware/at32f403a_407_exint.o
LOAD ./firmware/at32f403a_407_flash.o
LOAD ./firmware/at32f403a_407_gpio.o
LOAD ./firmware/at32f403a_407_i2c.o
LOAD ./firmware/at32f403a_407_misc.o
LOAD ./firmware/at32f403a_407_pwc.o
LOAD ./firmware/at32f403a_407_rtc.o
LOAD ./firmware/at32f403a_407_sdio.o
LOAD ./firmware/at32f403a_407_spi.o
LOAD ./firmware/at32f403a_407_tmr.o
LOAD ./firmware/at32f403a_407_usart.o
LOAD ./firmware/at32f403a_407_usb.o
LOAD ./firmware/at32f403a_407_wdt.o
LOAD ./firmware/at32f403a_407_wwdt.o
LOAD ./firmware/at32f403a_407_xmc.o
LOAD ./cmsis/startup_at32f403a_407.o
LOAD ./cmsis/system_at32f403a_407.o
LOAD ./bsp/at32f403a_407_board.o
START GROUP
LOAD c:/program files/at32ide/platform/tools/gcc-arm-none-eabi-10.3-2021.10/bin/../lib/gcc/arm-none-eabi/10.3.1/thumb/v7e-m+fp/hard\libgcc.a
LOAD c:/program files/at32ide/platform/tools/gcc-arm-none-eabi-10.3-2021.10/bin/../lib/gcc/arm-none-eabi/10.3.1/../../../../arm-none-eabi/lib/thumb/v7e-m+fp/hard\libg_nano.a
LOAD c:/program files/at32ide/platform/tools/gcc-arm-none-eabi-10.3-2021.10/bin/../lib/gcc/arm-none-eabi/10.3.1/../../../../arm-none-eabi/lib/thumb/v7e-m+fp/hard\libc_nano.a
END GROUP
START GROUP
LOAD c:/program files/at32ide/platform/tools/gcc-arm-none-eabi-10.3-2021.10/bin/../lib/gcc/arm-none-eabi/10.3.1/thumb/v7e-m+fp/hard\libgcc.a
LOAD c:/program files/at32ide/platform/tools/gcc-arm-none-eabi-10.3-2021.10/bin/../lib/gcc/arm-none-eabi/10.3.1/../../../../arm-none-eabi/lib/thumb/v7e-m+fp/hard\libc_nano.a
LOAD c:/program files/at32ide/platform/tools/gcc-arm-none-eabi-10.3-2021.10/bin/../lib/gcc/arm-none-eabi/10.3.1/../../../../arm-none-eabi/lib/thumb/v7e-m+fp/hard\libnosys.a
END GROUP
START GROUP
LOAD c:/program files/at32ide/platform/tools/gcc-arm-none-eabi-10.3-2021.10/bin/../lib/gcc/arm-none-eabi/10.3.1/thumb/v7e-m+fp/hard\libgcc.a
LOAD c:/program files/at32ide/platform/tools/gcc-arm-none-eabi-10.3-2021.10/bin/../lib/gcc/arm-none-eabi/10.3.1/../../../../arm-none-eabi/lib/thumb/v7e-m+fp/hard\libc_nano.a
LOAD c:/program files/at32ide/platform/tools/gcc-arm-none-eabi-10.3-2021.10/bin/../lib/gcc/arm-none-eabi/10.3.1/../../../../arm-none-eabi/lib/thumb/v7e-m+fp/hard\libnosys.a
END GROUP
LOAD c:/program files/at32ide/platform/tools/gcc-arm-none-eabi-10.3-2021.10/bin/../lib/gcc/arm-none-eabi/10.3.1/thumb/v7e-m+fp/hard/crtend.o
LOAD c:/program files/at32ide/platform/tools/gcc-arm-none-eabi-10.3-2021.10/bin/../lib/gcc/arm-none-eabi/10.3.1/thumb/v7e-m+fp/hard/crtn.o
                0x20018000                _estack = 0x20018000
                0x00000200                _Min_Heap_Size = 0x200
                0x00000400                _Min_Stack_Size = 0x400

.isr_vector     0x08000000      0x184
                0x08000000                . = ALIGN (0x4)
 *(.isr_vector)
 .isr_vector    0x08000000      0x184 ./cmsis/startup_at32f403a_407.o
                0x08000000                g_pfnVectors
                0x08000184                . = ALIGN (0x4)

.text           0x08000184     0x3aa8
                0x08000184                . = ALIGN (0x4)
 *(.text)
 .text          0x08000184       0x40 c:/program files/at32ide/platform/tools/gcc-arm-none-eabi-10.3-2021.10/bin/../lib/gcc/arm-none-eabi/10.3.1/thumb/v7e-m+fp/hard/crtbegin.o
 *(.text*)
 .text.system_clock_hick_config
                0x080001c4       0x76 ./user/at32f403a_407_clock.o
                0x080001c4                system_clock_hick_config
 .text.system_clock_config
                0x0800023a        0xc ./user/at32f403a_407_clock.o
                0x0800023a                system_clock_config
 .text.NMI_Handler
                0x08000246        0xe ./user/at32f403a_407_int.o
                0x08000246                NMI_Handler
 .text.HardFault_Handler
                0x08000254        0x6 ./user/at32f403a_407_int.o
                0x08000254                HardFault_Handler
 .text.MemManage_Handler
                0x0800025a        0x6 ./user/at32f403a_407_int.o
                0x0800025a                MemManage_Handler
 .text.BusFault_Handler
                0x08000260        0x6 ./user/at32f403a_407_int.o
                0x08000260                BusFault_Handler
 .text.UsageFault_Handler
                0x08000266        0x6 ./user/at32f403a_407_int.o
                0x08000266                UsageFault_Handler
 .text.SVC_Handler
                0x0800026c        0xe ./user/at32f403a_407_int.o
                0x0800026c                SVC_Handler
 .text.DebugMon_Handler
                0x0800027a        0xe ./user/at32f403a_407_int.o
                0x0800027a                DebugMon_Handler
 .text.PendSV_Handler
                0x08000288        0xe ./user/at32f403a_407_int.o
                0x08000288                PendSV_Handler
 .text.SysTick_Handler
                0x08000296        0xe ./user/at32f403a_407_int.o
                0x08000296                SysTick_Handler
 .text.CAN_TX_IRQHandler
                0x080002a4       0x58 ./user/can_interrupt.o
                0x080002a4                CAN_TX_IRQHandler
 .text.USBFS_H_CAN1_TX_IRQHandler
                0x080002fc        0xe ./user/can_interrupt.o
                0x080002fc                USBFS_H_CAN1_TX_IRQHandler
 .text.CAN2_TX_IRQHandler
                0x0800030a        0xe ./user/can_interrupt.o
                0x0800030a                CAN2_TX_IRQHandler
 .text.button_isr
                0x08000318       0x40 ./user/main.o
                0x08000318                button_isr
 .text.EXINT0_IRQHandler
                0x08000358        0xc ./user/main.o
                0x08000358                EXINT0_IRQHandler
 .text.chipid_test
                0x08000364       0x30 ./user/main.o
                0x08000364                chipid_test
 .text.flash_test
                0x08000394       0xa4 ./user/main.o
                0x08000394                flash_test
 .text.gpio_test
                0x08000438       0x3e ./user/main.o
                0x08000438                gpio_test
 *fill*         0x08000476        0x2 
 .text.gpio_blink
                0x08000478       0x40 ./user/main.o
                0x08000478                gpio_blink
 .text.crm_configuration
                0x080004b8       0x20 ./user/main.o
                0x080004b8                crm_configuration
 .text.timer4_ch4_init
                0x080004d8       0x90 ./user/main.o
                0x080004d8                timer4_ch4_init
 .text.timer4_ch4_change_dt
                0x08000568       0x4c ./user/main.o
                0x08000568                timer4_ch4_change_dt
 .text.timer4_test
                0x080005b4       0x90 ./user/main.o
                0x080005b4                timer4_test
 .text.uart5_init
                0x08000644       0x74 ./user/main.o
                0x08000644                uart5_init
 .text.uart5_cleanup
                0x080006b8       0x44 ./user/main.o
                0x080006b8                uart5_cleanup
 .text.uart5_transmit
                0x080006fc       0x48 ./user/main.o
                0x080006fc                uart5_transmit
 .text.uart5_test
                0x08000744       0x72 ./user/main.o
                0x08000744                uart5_test
 *fill*         0x080007b6        0x2 
 .text.spi4_init
                0x080007b8       0x80 ./user/main.o
                0x080007b8                spi4_init
 .text.spi4_cleanup
                0x08000838       0x40 ./user/main.o
                0x08000838                spi4_cleanup
 .text.spi4_transmit
                0x08000878       0x48 ./user/main.o
                0x08000878                spi4_transmit
 .text.spi4_test
                0x080008c0       0x6c ./user/main.o
                0x080008c0                spi4_test
 .text.can1_init
                0x0800092c       0x94 ./user/main.o
                0x0800092c                can1_init
 .text.can1_cleanup
                0x080009c0       0x38 ./user/main.o
                0x080009c0                can1_cleanup
 .text.can1_transmit
                0x080009f8       0x70 ./user/main.o
                0x080009f8                can1_transmit
 .text.can1_test
                0x08000a68       0x84 ./user/main.o
                0x08000a68                can1_test
 .text.pb9_init
                0x08000aec       0x64 ./user/main.o
                0x08000aec                pb9_init
 .text.pb9_remap_set
                0x08000b50       0x2c ./user/main.o
                0x08000b50                pb9_remap_set
 .text.pb9_remap_reset
                0x08000b7c       0x28 ./user/main.o
                0x08000b7c                pb9_remap_reset
 .text.pb9_out_init
                0x08000ba4        0xe ./user/main.o
                0x08000ba4                pb9_out_init
 .text.pb9_mux_init
                0x08000bb2       0x12 ./user/main.o
                0x08000bb2                pb9_mux_init
 .text.get_n_bits
                0x08000bc4       0x2c ./user/main.o
                0x08000bc4                get_n_bits
 .text.main     0x08000bf0       0x5e ./user/main.o
                0x08000bf0                main
 *fill*         0x08000c4e        0x2 
 .text.SPI_IRQHandler
                0x08000c50       0x7c ./user/spi_interrupts.o
                0x08000c50                SPI_IRQHandler
 .text.SPI1_IRQHandler
                0x08000ccc        0xe ./user/spi_interrupts.o
                0x08000ccc                SPI1_IRQHandler
 .text.SPI2_I2S2EXT_IRQHandler
                0x08000cda        0xe ./user/spi_interrupts.o
                0x08000cda                SPI2_I2S2EXT_IRQHandler
 .text.SPI3_I2S3EXT_IRQHandler
                0x08000ce8        0xe ./user/spi_interrupts.o
                0x08000ce8                SPI3_I2S3EXT_IRQHandler
 .text.SPI4_IRQHandler
                0x08000cf6        0xe ./user/spi_interrupts.o
                0x08000cf6                SPI4_IRQHandler
 .text.TMR_TestInterrupts
                0x08000d04       0x58 ./user/tmr_interrupt.o
                0x08000d04                TMR_TestInterrupts
 .text.TMR_IRQHandler
                0x08000d5c       0xb4 ./user/tmr_interrupt.o
                0x08000d5c                TMR_IRQHandler
 .text.TMR_init
                0x08000e10      0x144 ./user/tmr_interrupt.o
                0x08000e10                TMR_init
 .text.TMR_cleanup
                0x08000f54       0x4c ./user/tmr_interrupt.o
                0x08000f54                TMR_cleanup
 .text.TMR1_CH_IRQHandler
                0x08000fa0        0xe ./user/tmr_interrupt.o
                0x08000fa0                TMR1_CH_IRQHandler
 *fill*         0x08000fae        0x2 
 .text.TMR1_OVF_TMR10_IRQHandler
                0x08000fb0       0x18 ./user/tmr_interrupt.o
                0x08000fb0                TMR1_OVF_TMR10_IRQHandler
 .text.TMR2_GLOBAL_IRQHandler
                0x08000fc8       0x18 ./user/tmr_interrupt.o
                0x08000fc8                TMR2_GLOBAL_IRQHandler
 .text.TMR3_GLOBAL_IRQHandler
                0x08000fe0       0x18 ./user/tmr_interrupt.o
                0x08000fe0                TMR3_GLOBAL_IRQHandler
 .text.TMR4_GLOBAL_IRQHandler
                0x08000ff8       0x18 ./user/tmr_interrupt.o
                0x08000ff8                TMR4_GLOBAL_IRQHandler
 .text.TMR5_GLOBAL_IRQHandler
                0x08001010       0x18 ./user/tmr_interrupt.o
                0x08001010                TMR5_GLOBAL_IRQHandler
 .text.TMR6_GLOBAL_IRQHandler
                0x08001028       0x18 ./user/tmr_interrupt.o
                0x08001028                TMR6_GLOBAL_IRQHandler
 .text.TMR7_GLOBAL_IRQHandler
                0x08001040       0x18 ./user/tmr_interrupt.o
                0x08001040                TMR7_GLOBAL_IRQHandler
 .text.TMR8_OVF_TMR13_IRQHandler
                0x08001058       0x18 ./user/tmr_interrupt.o
                0x08001058                TMR8_OVF_TMR13_IRQHandler
 .text.TMR1_BRK_TMR9_IRQHandler
                0x08001070       0x18 ./user/tmr_interrupt.o
                0x08001070                TMR1_BRK_TMR9_IRQHandler
 .text.TMR1_TRG_HALL_TMR11_IRQHandler
                0x08001088       0x18 ./user/tmr_interrupt.o
                0x08001088                TMR1_TRG_HALL_TMR11_IRQHandler
 .text.TMR8_BRK_TMR12_IRQHandler
                0x080010a0       0x18 ./user/tmr_interrupt.o
                0x080010a0                TMR8_BRK_TMR12_IRQHandler
 .text.TMR8_TRG_HALL_TMR14_IRQHandler
                0x080010b8       0x18 ./user/tmr_interrupt.o
                0x080010b8                TMR8_TRG_HALL_TMR14_IRQHandler
 .text.USART_IRQHandler
                0x080010d0       0xb4 ./user/usart_interrupts.o
                0x080010d0                USART_IRQHandler
 .text.USART1_IRQHandler
                0x08001184        0xe ./user/usart_interrupts.o
                0x08001184                USART1_IRQHandler
 .text.USART2_IRQHandler
                0x08001192        0xe ./user/usart_interrupts.o
                0x08001192                USART2_IRQHandler
 .text.USART3_IRQHandler
                0x080011a0        0xe ./user/usart_interrupts.o
                0x080011a0                USART3_IRQHandler
 .text.UART4_IRQHandler
                0x080011ae        0xe ./user/usart_interrupts.o
                0x080011ae                UART4_IRQHandler
 .text.UART5_IRQHandler
                0x080011bc        0xe ./user/usart_interrupts.o
                0x080011bc                UART5_IRQHandler
 .text.USART6_IRQHandler
                0x080011ca        0xe ./user/usart_interrupts.o
                0x080011ca                USART6_IRQHandler
 .text.UART7_IRQHandler
                0x080011d8        0xe ./user/usart_interrupts.o
                0x080011d8                UART7_IRQHandler
 .text.UART8_IRQHandler
                0x080011e6        0xe ./user/usart_interrupts.o
                0x080011e6                UART8_IRQHandler
 .text.can_baudrate_set
                0x080011f4      0x102 ./firmware/at32f403a_407_can.o
                0x080011f4                can_baudrate_set
 .text.can_default_para_init
                0x080012f6       0x3e ./firmware/at32f403a_407_can.o
                0x080012f6                can_default_para_init
 .text.can_base_init
                0x08001334      0x152 ./firmware/at32f403a_407_can.o
                0x08001334                can_base_init
 .text.can_message_transmit
                0x08001486      0x18c ./firmware/at32f403a_407_can.o
                0x08001486                can_message_transmit
 .text.can_transmit_status_get
                0x08001612       0xc2 ./firmware/at32f403a_407_can.o
                0x08001612                can_transmit_status_get
 .text.can_interrupt_enable
                0x080016d4       0x3c ./firmware/at32f403a_407_can.o
                0x080016d4                can_interrupt_enable
 .text.can_flag_get
                0x08001710      0x1cc ./firmware/at32f403a_407_can.o
                0x08001710                can_flag_get
 .text.crm_reset
                0x080018dc       0x6c ./firmware/at32f403a_407_crm.o
                0x080018dc                crm_reset
 .text.crm_flag_get
                0x08001948       0x50 ./firmware/at32f403a_407_crm.o
                0x08001948                crm_flag_get
 .text.crm_periph_clock_enable
                0x08001998       0x7c ./firmware/at32f403a_407_crm.o
                0x08001998                crm_periph_clock_enable
 .text.crm_clock_source_enable
                0x08001a14       0xa8 ./firmware/at32f403a_407_crm.o
                0x08001a14                crm_clock_source_enable
 .text.crm_ahb_div_set
                0x08001abc       0x2c ./firmware/at32f403a_407_crm.o
                0x08001abc                crm_ahb_div_set
 .text.crm_apb1_div_set
                0x08001ae8       0x2c ./firmware/at32f403a_407_crm.o
                0x08001ae8                crm_apb1_div_set
 .text.crm_apb2_div_set
                0x08001b14       0x2c ./firmware/at32f403a_407_crm.o
                0x08001b14                crm_apb2_div_set
 .text.crm_pll_config
                0x08001b40       0x94 ./firmware/at32f403a_407_crm.o
                0x08001b40                crm_pll_config
 .text.crm_sysclk_switch
                0x08001bd4       0x2c ./firmware/at32f403a_407_crm.o
                0x08001bd4                crm_sysclk_switch
 .text.crm_sysclk_switch_status_get
                0x08001c00       0x1c ./firmware/at32f403a_407_crm.o
                0x08001c00                crm_sysclk_switch_status_get
 .text.crm_clocks_freq_get
                0x08001c1c      0x1d4 ./firmware/at32f403a_407_crm.o
                0x08001c1c                crm_clocks_freq_get
 .text.crm_auto_step_mode_enable
                0x08001df0       0x38 ./firmware/at32f403a_407_crm.o
                0x08001df0                crm_auto_step_mode_enable
 .text.debug_device_id_get
                0x08001e28       0x18 ./firmware/at32f403a_407_debug.o
                0x08001e28                debug_device_id_get
 .text.exint_flag_clear
                0x08001e40       0x3c ./firmware/at32f403a_407_exint.o
                0x08001e40                exint_flag_clear
 .text.flash_bank1_operation_status_get
                0x08001e7c       0x5c ./firmware/at32f403a_407_flash.o
                0x08001e7c                flash_bank1_operation_status_get
 .text.flash_bank2_operation_status_get
                0x08001ed8       0x5c ./firmware/at32f403a_407_flash.o
                0x08001ed8                flash_bank2_operation_status_get
 .text.flash_spim_operation_status_get
                0x08001f34       0x64 ./firmware/at32f403a_407_flash.o
                0x08001f34                flash_spim_operation_status_get
 .text.flash_bank1_operation_wait_for
                0x08001f98       0x44 ./firmware/at32f403a_407_flash.o
                0x08001f98                flash_bank1_operation_wait_for
 .text.flash_bank2_operation_wait_for
                0x08001fdc       0x44 ./firmware/at32f403a_407_flash.o
                0x08001fdc                flash_bank2_operation_wait_for
 .text.flash_spim_operation_wait_for
                0x08002020       0x44 ./firmware/at32f403a_407_flash.o
                0x08002020                flash_spim_operation_wait_for
 .text.flash_unlock
                0x08002064       0x34 ./firmware/at32f403a_407_flash.o
                0x08002064                flash_unlock
 .text.flash_lock
                0x08002098       0x28 ./firmware/at32f403a_407_flash.o
                0x08002098                flash_lock
 .text.flash_word_program
                0x080020c0       0xc8 ./firmware/at32f403a_407_flash.o
                0x080020c0                flash_word_program
 .text.gpio_init
                0x08002188      0x138 ./firmware/at32f403a_407_gpio.o
                0x08002188                gpio_init
 .text.gpio_default_para_init
                0x080022c0       0x34 ./firmware/at32f403a_407_gpio.o
                0x080022c0                gpio_default_para_init
 .text.gpio_input_data_bit_read
                0x080022f4       0x36 ./firmware/at32f403a_407_gpio.o
                0x080022f4                gpio_input_data_bit_read
 .text.gpio_bits_set
                0x0800232a       0x1e ./firmware/at32f403a_407_gpio.o
                0x0800232a                gpio_bits_set
 .text.gpio_bits_reset
                0x08002348       0x1e ./firmware/at32f403a_407_gpio.o
                0x08002348                gpio_bits_reset
 .text.gpio_pins_huge_driven_config
                0x08002366       0x3e ./firmware/at32f403a_407_gpio.o
                0x08002366                gpio_pins_huge_driven_config
 .text.gpio_pin_remap_config
                0x080023a4       0x98 ./firmware/at32f403a_407_gpio.o
                0x080023a4                gpio_pin_remap_config
 .text.__NVIC_SetPriorityGrouping
                0x0800243c       0x48 ./firmware/at32f403a_407_misc.o
 .text.__NVIC_GetPriorityGrouping
                0x08002484       0x1c ./firmware/at32f403a_407_misc.o
 .text.__NVIC_EnableIRQ
                0x080024a0       0x3c ./firmware/at32f403a_407_misc.o
 .text.__NVIC_SetPriority
                0x080024dc       0x54 ./firmware/at32f403a_407_misc.o
 .text.NVIC_EncodePriority
                0x08002530       0x66 ./firmware/at32f403a_407_misc.o
 .text.nvic_irq_enable
                0x08002596       0x42 ./firmware/at32f403a_407_misc.o
                0x08002596                nvic_irq_enable
 .text.nvic_priority_group_config
                0x080025d8       0x1a ./firmware/at32f403a_407_misc.o
                0x080025d8                nvic_priority_group_config
 *fill*         0x080025f2        0x2 
 .text.systick_clock_source_config
                0x080025f4       0x3c ./firmware/at32f403a_407_misc.o
                0x080025f4                systick_clock_source_config
 .text.spi_default_para_init
                0x08002630       0x44 ./firmware/at32f403a_407_spi.o
                0x08002630                spi_default_para_init
 .text.spi_init
                0x08002674      0x1a2 ./firmware/at32f403a_407_spi.o
                0x08002674                spi_init
 .text.spi_enable
                0x08002816       0x2a ./firmware/at32f403a_407_spi.o
                0x08002816                spi_enable
 .text.spi_i2s_interrupt_enable
                0x08002840       0x3c ./firmware/at32f403a_407_spi.o
                0x08002840                spi_i2s_interrupt_enable
 .text.spi_i2s_data_transmit
                0x0800287c       0x1e ./firmware/at32f403a_407_spi.o
                0x0800287c                spi_i2s_data_transmit
 .text.spi_i2s_flag_get
                0x0800289a       0x32 ./firmware/at32f403a_407_spi.o
                0x0800289a                spi_i2s_flag_get
 .text.tmr_counter_enable
                0x080028cc       0x2a ./firmware/at32f403a_407_tmr.o
                0x080028cc                tmr_counter_enable
 .text.tmr_output_default_para_init
                0x080028f6       0x3e ./firmware/at32f403a_407_tmr.o
                0x080028f6                tmr_output_default_para_init
 .text.tmr_base_init
                0x08002934       0x2e ./firmware/at32f403a_407_tmr.o
                0x08002934                tmr_base_init
 .text.tmr_clock_source_div_set
                0x08002962       0x2a ./firmware/at32f403a_407_tmr.o
                0x08002962                tmr_clock_source_div_set
 .text.tmr_cnt_dir_set
                0x0800298c       0x2a ./firmware/at32f403a_407_tmr.o
                0x0800298c                tmr_cnt_dir_set
 *fill*         0x080029b6        0x2 
 .text.tmr_output_channel_config
                0x080029b8      0x204 ./firmware/at32f403a_407_tmr.o
                0x080029b8                tmr_output_channel_config
 .text.tmr_channel_value_set
                0x08002bbc       0x6c ./firmware/at32f403a_407_tmr.o
                0x08002bbc                tmr_channel_value_set
 .text.tmr_period_buffer_enable
                0x08002c28       0x2a ./firmware/at32f403a_407_tmr.o
                0x08002c28                tmr_period_buffer_enable
 *fill*         0x08002c52        0x2 
 .text.tmr_output_channel_buffer_enable
                0x08002c54       0x9c ./firmware/at32f403a_407_tmr.o
                0x08002c54                tmr_output_channel_buffer_enable
 .text.tmr_interrupt_enable
                0x08002cf0       0x42 ./firmware/at32f403a_407_tmr.o
                0x08002cf0                tmr_interrupt_enable
 .text.tmr_flag_get
                0x08002d32       0x32 ./firmware/at32f403a_407_tmr.o
                0x08002d32                tmr_flag_get
 .text.tmr_flag_clear
                0x08002d64       0x1e ./firmware/at32f403a_407_tmr.o
                0x08002d64                tmr_flag_clear
 *fill*         0x08002d82        0x2 
 .text.usart_init
                0x08002d84       0xe0 ./firmware/at32f403a_407_usart.o
                0x08002d84                usart_init
 .text.usart_enable
                0x08002e64       0x2a ./firmware/at32f403a_407_usart.o
                0x08002e64                usart_enable
 .text.usart_transmitter_enable
                0x08002e8e       0x2a ./firmware/at32f403a_407_usart.o
                0x08002e8e                usart_transmitter_enable
 .text.usart_interrupt_enable
                0x08002eb8       0x68 ./firmware/at32f403a_407_usart.o
                0x08002eb8                usart_interrupt_enable
 .text.usart_data_transmit
                0x08002f20       0x22 ./firmware/at32f403a_407_usart.o
                0x08002f20                usart_data_transmit
 .text.usart_flag_get
                0x08002f42       0x28 ./firmware/at32f403a_407_usart.o
                0x08002f42                usart_flag_get
 *fill*         0x08002f6a        0x2 
 .text.Reset_Handler
                0x08002f6c       0x48 ./cmsis/startup_at32f403a_407.o
                0x08002f6c                Reset_Handler
 .text.Default_Handler
                0x08002fb4        0x2 ./cmsis/startup_at32f403a_407.o
                0x08002fb4                SDIO1_IRQHandler
                0x08002fb4                XMC_IRQHandler
                0x08002fb4                EXINT2_IRQHandler
                0x08002fb4                USBFS_L_CAN1_RX0_IRQHandler
                0x08002fb4                I2C2_EVT_IRQHandler
                0x08002fb4                I2C1_ERR_IRQHandler
                0x08002fb4                EXINT9_5_IRQHandler
                0x08002fb4                EMAC_IRQHandler
                0x08002fb4                CAN2_RX1_IRQHandler
                0x08002fb4                SDIO2_IRQHandler
                0x08002fb4                ADC1_2_IRQHandler
                0x08002fb4                TAMPER_IRQHandler
                0x08002fb4                CAN2_RX0_IRQHandler
                0x08002fb4                DMA2_Channel2_IRQHandler
                0x08002fb4                DMA1_Channel4_IRQHandler
                0x08002fb4                TMR8_CH_IRQHandler
                0x08002fb4                RTC_IRQHandler
                0x08002fb4                DMA1_Channel7_IRQHandler
                0x08002fb4                CAN1_RX1_IRQHandler
                0x08002fb4                ADC3_IRQHandler
                0x08002fb4                ACC_IRQHandler
                0x08002fb4                EMAC_WKUP_IRQHandler
                0x08002fb4                DMA2_Channel1_IRQHandler
                0x08002fb4                EXINT3_IRQHandler
                0x08002fb4                DMA1_Channel6_IRQHandler
                0x08002fb4                DMA1_Channel1_IRQHandler
                0x08002fb4                Default_Handler
                0x08002fb4                USBFS_MAPH_IRQHandler
                0x08002fb4                CAN1_SE_IRQHandler
                0x08002fb4                I2C3_ERR_IRQHandler
                0x08002fb4                USBFS_MAPL_IRQHandler
                0x08002fb4                DMA1_Channel5_IRQHandler
                0x08002fb4                EXINT4_IRQHandler
                0x08002fb4                CAN2_SE_IRQHandler
                0x08002fb4                DMA2_Channel6_7_IRQHandler
                0x08002fb4                PVM_IRQHandler
                0x08002fb4                I2C3_EVT_IRQHandler
                0x08002fb4                DMA1_Channel3_IRQHandler
                0x08002fb4                I2C1_EVT_IRQHandler
                0x08002fb4                EXINT1_IRQHandler
                0x08002fb4                RTCAlarm_IRQHandler
                0x08002fb4                DMA2_Channel4_5_IRQHandler
                0x08002fb4                DMA1_Channel2_IRQHandler
                0x08002fb4                FLASH_IRQHandler
                0x08002fb4                I2C2_ERR_IRQHandler
                0x08002fb4                USBFSWakeUp_IRQHandler
                0x08002fb4                CRM_IRQHandler
                0x08002fb4                EXINT15_10_IRQHandler
                0x08002fb4                WWDT_IRQHandler
                0x08002fb4                DMA2_Channel3_IRQHandler
 *fill*         0x08002fb6        0x2 
 .text.SystemInit
                0x08002fb8       0x88 ./cmsis/system_at32f403a_407.o
                0x08002fb8                SystemInit
 .text.system_core_clock_update
                0x08003040      0x150 ./cmsis/system_at32f403a_407.o
                0x08003040                system_core_clock_update
 .text.__io_putchar
                0x08003190       0x34 ./bsp/at32f403a_407_board.o
                0x08003190                __io_putchar
 .text._write   0x080031c4       0x38 ./bsp/at32f403a_407_board.o
                0x080031c4                _write
 .text.delay_init
                0x080031fc       0x40 ./bsp/at32f403a_407_board.o
                0x080031fc                delay_init
 .text.delay_ms
                0x0800323c       0x98 ./bsp/at32f403a_407_board.o
                0x0800323c                delay_ms
 .text.__libc_init_array
                0x080032d4       0x48 c:/program files/at32ide/platform/tools/gcc-arm-none-eabi-10.3-2021.10/bin/../lib/gcc/arm-none-eabi/10.3.1/../../../../arm-none-eabi/lib/thumb/v7e-m+fp/hard\libg_nano.a(lib_a-init.o)
                0x080032d4                __libc_init_array
 .text.memset   0x0800331c       0x10 c:/program files/at32ide/platform/tools/gcc-arm-none-eabi-10.3-2021.10/bin/../lib/gcc/arm-none-eabi/10.3.1/../../../../arm-none-eabi/lib/thumb/v7e-m+fp/hard\libg_nano.a(lib_a-memset.o)
                0x0800331c                memset
 .text.setvbuf  0x0800332c      0x18c c:/program files/at32ide/platform/tools/gcc-arm-none-eabi-10.3-2021.10/bin/../lib/gcc/arm-none-eabi/10.3.1/../../../../arm-none-eabi/lib/thumb/v7e-m+fp/hard\libg_nano.a(lib_a-setvbuf.o)
                0x0800332c                setvbuf
 .text.__sflush_r
                0x080034b8      0x10c c:/program files/at32ide/platform/tools/gcc-arm-none-eabi-10.3-2021.10/bin/../lib/gcc/arm-none-eabi/10.3.1/../../../../arm-none-eabi/lib/thumb/v7e-m+fp/hard\libg_nano.a(lib_a-fflush.o)
                0x080034b8                __sflush_r
 .text._fflush_r
                0x080035c4       0x78 c:/program files/at32ide/platform/tools/gcc-arm-none-eabi-10.3-2021.10/bin/../lib/gcc/arm-none-eabi/10.3.1/../../../../arm-none-eabi/lib/thumb/v7e-m+fp/hard\libg_nano.a(lib_a-fflush.o)
                0x080035c4                _fflush_r
 .text.std      0x0800363c       0x48 c:/program files/at32ide/platform/tools/gcc-arm-none-eabi-10.3-2021.10/bin/../lib/gcc/arm-none-eabi/10.3.1/../../../../arm-none-eabi/lib/thumb/v7e-m+fp/hard\libg_nano.a(lib_a-findfp.o)
 .text._cleanup_r
                0x08003684        0xc c:/program files/at32ide/platform/tools/gcc-arm-none-eabi-10.3-2021.10/bin/../lib/gcc/arm-none-eabi/10.3.1/../../../../arm-none-eabi/lib/thumb/v7e-m+fp/hard\libg_nano.a(lib_a-findfp.o)
                0x08003684                _cleanup_r
 .text.__sfmoreglue
                0x08003690       0x2c c:/program files/at32ide/platform/tools/gcc-arm-none-eabi-10.3-2021.10/bin/../lib/gcc/arm-none-eabi/10.3.1/../../../../arm-none-eabi/lib/thumb/v7e-m+fp/hard\libg_nano.a(lib_a-findfp.o)
                0x08003690                __sfmoreglue
 .text.__sfp_lock_acquire
                0x080036bc        0xc c:/program files/at32ide/platform/tools/gcc-arm-none-eabi-10.3-2021.10/bin/../lib/gcc/arm-none-eabi/10.3.1/../../../../arm-none-eabi/lib/thumb/v7e-m+fp/hard\libg_nano.a(lib_a-findfp.o)
                0x080036bc                __sfp_lock_acquire
 .text.__sfp_lock_release
                0x080036c8        0xc c:/program files/at32ide/platform/tools/gcc-arm-none-eabi-10.3-2021.10/bin/../lib/gcc/arm-none-eabi/10.3.1/../../../../arm-none-eabi/lib/thumb/v7e-m+fp/hard\libg_nano.a(lib_a-findfp.o)
                0x080036c8                __sfp_lock_release
 .text.__sinit_lock_acquire
                0x080036d4        0xc c:/program files/at32ide/platform/tools/gcc-arm-none-eabi-10.3-2021.10/bin/../lib/gcc/arm-none-eabi/10.3.1/../../../../arm-none-eabi/lib/thumb/v7e-m+fp/hard\libg_nano.a(lib_a-findfp.o)
                0x080036d4                __sinit_lock_acquire
 .text.__sinit_lock_release
                0x080036e0        0xc c:/program files/at32ide/platform/tools/gcc-arm-none-eabi-10.3-2021.10/bin/../lib/gcc/arm-none-eabi/10.3.1/../../../../arm-none-eabi/lib/thumb/v7e-m+fp/hard\libg_nano.a(lib_a-findfp.o)
                0x080036e0                __sinit_lock_release
 .text.__sinit  0x080036ec       0x70 c:/program files/at32ide/platform/tools/gcc-arm-none-eabi-10.3-2021.10/bin/../lib/gcc/arm-none-eabi/10.3.1/../../../../arm-none-eabi/lib/thumb/v7e-m+fp/hard\libg_nano.a(lib_a-findfp.o)
                0x080036ec                __sinit
 .text.__sfp    0x0800375c       0x8c c:/program files/at32ide/platform/tools/gcc-arm-none-eabi-10.3-2021.10/bin/../lib/gcc/arm-none-eabi/10.3.1/../../../../arm-none-eabi/lib/thumb/v7e-m+fp/hard\libg_nano.a(lib_a-findfp.o)
                0x0800375c                __sfp
 .text._fwalk_reent
                0x080037e8       0x3e c:/program files/at32ide/platform/tools/gcc-arm-none-eabi-10.3-2021.10/bin/../lib/gcc/arm-none-eabi/10.3.1/../../../../arm-none-eabi/lib/thumb/v7e-m+fp/hard\libg_nano.a(lib_a-fwalk.o)
                0x080037e8                _fwalk_reent
 .text.__retarget_lock_init_recursive
                0x08003826        0x2 c:/program files/at32ide/platform/tools/gcc-arm-none-eabi-10.3-2021.10/bin/../lib/gcc/arm-none-eabi/10.3.1/../../../../arm-none-eabi/lib/thumb/v7e-m+fp/hard\libg_nano.a(lib_a-lock.o)
                0x08003826                __retarget_lock_init_recursive
 .text.__retarget_lock_acquire_recursive
                0x08003828        0x2 c:/program files/at32ide/platform/tools/gcc-arm-none-eabi-10.3-2021.10/bin/../lib/gcc/arm-none-eabi/10.3.1/../../../../arm-none-eabi/lib/thumb/v7e-m+fp/hard\libg_nano.a(lib_a-lock.o)
                0x08003828                __retarget_lock_acquire_recursive
 .text.__retarget_lock_release_recursive
                0x0800382a        0x2 c:/program files/at32ide/platform/tools/gcc-arm-none-eabi-10.3-2021.10/bin/../lib/gcc/arm-none-eabi/10.3.1/../../../../arm-none-eabi/lib/thumb/v7e-m+fp/hard\libg_nano.a(lib_a-lock.o)
                0x0800382a                __retarget_lock_release_recursive
 .text.__swhatbuf_r
                0x0800382c       0x4a c:/program files/at32ide/platform/tools/gcc-arm-none-eabi-10.3-2021.10/bin/../lib/gcc/arm-none-eabi/10.3.1/../../../../arm-none-eabi/lib/thumb/v7e-m+fp/hard\libg_nano.a(lib_a-makebuf.o)
                0x0800382c                __swhatbuf_r
 *fill*         0x08003876        0x2 
 .text.malloc   0x08003878       0x10 c:/program files/at32ide/platform/tools/gcc-arm-none-eabi-10.3-2021.10/bin/../lib/gcc/arm-none-eabi/10.3.1/../../../../arm-none-eabi/lib/thumb/v7e-m+fp/hard\libg_nano.a(lib_a-malloc.o)
                0x08003878                malloc
 .text._free_r  0x08003888       0x98 c:/program files/at32ide/platform/tools/gcc-arm-none-eabi-10.3-2021.10/bin/../lib/gcc/arm-none-eabi/10.3.1/../../../../arm-none-eabi/lib/thumb/v7e-m+fp/hard\libg_nano.a(lib_a-nano-freer.o)
                0x08003888                _free_r
 .text.sbrk_aligned
                0x08003920       0x40 c:/program files/at32ide/platform/tools/gcc-arm-none-eabi-10.3-2021.10/bin/../lib/gcc/arm-none-eabi/10.3.1/../../../../arm-none-eabi/lib/thumb/v7e-m+fp/hard\libg_nano.a(lib_a-nano-mallocr.o)
 .text._malloc_r
                0x08003960       0xe8 c:/program files/at32ide/platform/tools/gcc-arm-none-eabi-10.3-2021.10/bin/../lib/gcc/arm-none-eabi/10.3.1/../../../../arm-none-eabi/lib/thumb/v7e-m+fp/hard\libg_nano.a(lib_a-nano-mallocr.o)
                0x08003960                _malloc_r
 .text._sbrk_r  0x08003a48       0x20 c:/program files/at32ide/platform/tools/gcc-arm-none-eabi-10.3-2021.10/bin/../lib/gcc/arm-none-eabi/10.3.1/../../../../arm-none-eabi/lib/thumb/v7e-m+fp/hard\libg_nano.a(lib_a-sbrkr.o)
                0x08003a48                _sbrk_r
 .text.__sread  0x08003a68       0x22 c:/program files/at32ide/platform/tools/gcc-arm-none-eabi-10.3-2021.10/bin/../lib/gcc/arm-none-eabi/10.3.1/../../../../arm-none-eabi/lib/thumb/v7e-m+fp/hard\libg_nano.a(lib_a-stdio.o)
                0x08003a68                __sread
 .text.__swrite
                0x08003a8a       0x38 c:/program files/at32ide/platform/tools/gcc-arm-none-eabi-10.3-2021.10/bin/../lib/gcc/arm-none-eabi/10.3.1/../../../../arm-none-eabi/lib/thumb/v7e-m+fp/hard\libg_nano.a(lib_a-stdio.o)
                0x08003a8a                __swrite
 .text.__sseek  0x08003ac2       0x24 c:/program files/at32ide/platform/tools/gcc-arm-none-eabi-10.3-2021.10/bin/../lib/gcc/arm-none-eabi/10.3.1/../../../../arm-none-eabi/lib/thumb/v7e-m+fp/hard\libg_nano.a(lib_a-stdio.o)
                0x08003ac2                __sseek
 .text.__sclose
                0x08003ae6        0x8 c:/program files/at32ide/platform/tools/gcc-arm-none-eabi-10.3-2021.10/bin/../lib/gcc/arm-none-eabi/10.3.1/../../../../arm-none-eabi/lib/thumb/v7e-m+fp/hard\libg_nano.a(lib_a-stdio.o)
                0x08003ae6                __sclose
 *fill*         0x08003aee        0x2 
 .text._write_r
                0x08003af0       0x24 c:/program files/at32ide/platform/tools/gcc-arm-none-eabi-10.3-2021.10/bin/../lib/gcc/arm-none-eabi/10.3.1/../../../../arm-none-eabi/lib/thumb/v7e-m+fp/hard\libg_nano.a(lib_a-writer.o)
                0x08003af0                _write_r
 .text._close_r
                0x08003b14       0x20 c:/program files/at32ide/platform/tools/gcc-arm-none-eabi-10.3-2021.10/bin/../lib/gcc/arm-none-eabi/10.3.1/../../../../arm-none-eabi/lib/thumb/v7e-m+fp/hard\libg_nano.a(lib_a-closer.o)
                0x08003b14                _close_r
 .text._fstat_r
                0x08003b34       0x24 c:/program files/at32ide/platform/tools/gcc-arm-none-eabi-10.3-2021.10/bin/../lib/gcc/arm-none-eabi/10.3.1/../../../../arm-none-eabi/lib/thumb/v7e-m+fp/hard\libg_nano.a(lib_a-fstatr.o)
                0x08003b34                _fstat_r
 .text._lseek_r
                0x08003b58       0x24 c:/program files/at32ide/platform/tools/gcc-arm-none-eabi-10.3-2021.10/bin/../lib/gcc/arm-none-eabi/10.3.1/../../../../arm-none-eabi/lib/thumb/v7e-m+fp/hard\libg_nano.a(lib_a-lseekr.o)
                0x08003b58                _lseek_r
 .text.__malloc_lock
                0x08003b7c        0xc c:/program files/at32ide/platform/tools/gcc-arm-none-eabi-10.3-2021.10/bin/../lib/gcc/arm-none-eabi/10.3.1/../../../../arm-none-eabi/lib/thumb/v7e-m+fp/hard\libg_nano.a(lib_a-mlock.o)
                0x08003b7c                __malloc_lock
 .text.__malloc_unlock
                0x08003b88        0xc c:/program files/at32ide/platform/tools/gcc-arm-none-eabi-10.3-2021.10/bin/../lib/gcc/arm-none-eabi/10.3.1/../../../../arm-none-eabi/lib/thumb/v7e-m+fp/hard\libg_nano.a(lib_a-mlock.o)
                0x08003b88                __malloc_unlock
 .text._read_r  0x08003b94       0x24 c:/program files/at32ide/platform/tools/gcc-arm-none-eabi-10.3-2021.10/bin/../lib/gcc/arm-none-eabi/10.3.1/../../../../arm-none-eabi/lib/thumb/v7e-m+fp/hard\libg_nano.a(lib_a-readr.o)
                0x08003b94                _read_r
 .text._close   0x08003bb8       0x10 c:/program files/at32ide/platform/tools/gcc-arm-none-eabi-10.3-2021.10/bin/../lib/gcc/arm-none-eabi/10.3.1/../../../../arm-none-eabi/lib/thumb/v7e-m+fp/hard\libnosys.a(close.o)
                0x08003bb8                _close
 .text._fstat   0x08003bc8       0x10 c:/program files/at32ide/platform/tools/gcc-arm-none-eabi-10.3-2021.10/bin/../lib/gcc/arm-none-eabi/10.3.1/../../../../arm-none-eabi/lib/thumb/v7e-m+fp/hard\libnosys.a(fstat.o)
                0x08003bc8                _fstat
 .text._lseek   0x08003bd8       0x10 c:/program files/at32ide/platform/tools/gcc-arm-none-eabi-10.3-2021.10/bin/../lib/gcc/arm-none-eabi/10.3.1/../../../../arm-none-eabi/lib/thumb/v7e-m+fp/hard\libnosys.a(lseek.o)
                0x08003bd8                _lseek
 .text._read    0x08003be8       0x10 c:/program files/at32ide/platform/tools/gcc-arm-none-eabi-10.3-2021.10/bin/../lib/gcc/arm-none-eabi/10.3.1/../../../../arm-none-eabi/lib/thumb/v7e-m+fp/hard\libnosys.a(read.o)
                0x08003be8                _read
 .text._sbrk    0x08003bf8       0x1c c:/program files/at32ide/platform/tools/gcc-arm-none-eabi-10.3-2021.10/bin/../lib/gcc/arm-none-eabi/10.3.1/../../../../arm-none-eabi/lib/thumb/v7e-m+fp/hard\libnosys.a(sbrk.o)
                0x08003bf8                _sbrk
 *(.glue_7)
 .glue_7        0x08003c14        0x0 linker stubs
 *(.glue_7t)
 .glue_7t       0x08003c14        0x0 linker stubs
 *(.eh_frame)
 .eh_frame      0x08003c14        0x0 c:/program files/at32ide/platform/tools/gcc-arm-none-eabi-10.3-2021.10/bin/../lib/gcc/arm-none-eabi/10.3.1/thumb/v7e-m+fp/hard/crtbegin.o
 *(.init)
 .init          0x08003c14        0x4 c:/program files/at32ide/platform/tools/gcc-arm-none-eabi-10.3-2021.10/bin/../lib/gcc/arm-none-eabi/10.3.1/thumb/v7e-m+fp/hard/crti.o
                0x08003c14                _init
 .init          0x08003c18        0x8 c:/program files/at32ide/platform/tools/gcc-arm-none-eabi-10.3-2021.10/bin/../lib/gcc/arm-none-eabi/10.3.1/thumb/v7e-m+fp/hard/crtn.o
 *(.fini)
 .fini          0x08003c20        0x4 c:/program files/at32ide/platform/tools/gcc-arm-none-eabi-10.3-2021.10/bin/../lib/gcc/arm-none-eabi/10.3.1/thumb/v7e-m+fp/hard/crti.o
                0x08003c20                _fini
 .fini          0x08003c24        0x8 c:/program files/at32ide/platform/tools/gcc-arm-none-eabi-10.3-2021.10/bin/../lib/gcc/arm-none-eabi/10.3.1/thumb/v7e-m+fp/hard/crtn.o
                0x08003c2c                . = ALIGN (0x4)
                0x08003c2c                _etext = .

.vfp11_veneer   0x08003c2c        0x0
 .vfp11_veneer  0x08003c2c        0x0 linker stubs

.v4_bx          0x08003c2c        0x0
 .v4_bx         0x08003c2c        0x0 linker stubs

.iplt           0x08003c2c        0x0
 .iplt          0x08003c2c        0x0 c:/program files/at32ide/platform/tools/gcc-arm-none-eabi-10.3-2021.10/bin/../lib/gcc/arm-none-eabi/10.3.1/thumb/v7e-m+fp/hard/crtbegin.o

.rodata         0x08003c2c       0x9c
                0x08003c2c                . = ALIGN (0x4)
 *(.rodata)
 .rodata        0x08003c2c       0x28 ./firmware/at32f403a_407_crm.o
 .rodata        0x08003c54       0x10 ./cmsis/system_at32f403a_407.o
 *(.rodata*)
 .rodata._global_impure_ptr
                0x08003c64        0x4 c:/program files/at32ide/platform/tools/gcc-arm-none-eabi-10.3-2021.10/bin/../lib/gcc/arm-none-eabi/10.3.1/../../../../arm-none-eabi/lib/thumb/v7e-m+fp/hard\libg_nano.a(lib_a-impure.o)
                0x08003c64                _global_impure_ptr
 .rodata.__sf_fake_stderr
                0x08003c68       0x20 c:/program files/at32ide/platform/tools/gcc-arm-none-eabi-10.3-2021.10/bin/../lib/gcc/arm-none-eabi/10.3.1/../../../../arm-none-eabi/lib/thumb/v7e-m+fp/hard\libg_nano.a(lib_a-findfp.o)
                0x08003c68                __sf_fake_stderr
 .rodata.__sf_fake_stdin
                0x08003c88       0x20 c:/program files/at32ide/platform/tools/gcc-arm-none-eabi-10.3-2021.10/bin/../lib/gcc/arm-none-eabi/10.3.1/../../../../arm-none-eabi/lib/thumb/v7e-m+fp/hard\libg_nano.a(lib_a-findfp.o)
                0x08003c88                __sf_fake_stdin
 .rodata.__sf_fake_stdout
                0x08003ca8       0x20 c:/program files/at32ide/platform/tools/gcc-arm-none-eabi-10.3-2021.10/bin/../lib/gcc/arm-none-eabi/10.3.1/../../../../arm-none-eabi/lib/thumb/v7e-m+fp/hard\libg_nano.a(lib_a-findfp.o)
                0x08003ca8                __sf_fake_stdout
                0x08003cc8                . = ALIGN (0x4)

.rel.dyn        0x08003cc8        0x0
 .rel.iplt      0x08003cc8        0x0 c:/program files/at32ide/platform/tools/gcc-arm-none-eabi-10.3-2021.10/bin/../lib/gcc/arm-none-eabi/10.3.1/thumb/v7e-m+fp/hard/crtbegin.o

.ARM.extab
 *(.ARM.extab* .gnu.linkonce.armextab.*)

.ARM            0x08003cc8        0x0
                0x08003cc8                __exidx_start = .
 *(.ARM.exidx*)
                0x08003cc8                __exidx_end = .

.preinit_array  0x08003cc8        0x0
                0x08003cc8                PROVIDE (__preinit_array_start = .)
 *(.preinit_array*)
                0x08003cc8                PROVIDE (__preinit_array_end = .)

.init_array     0x08003cc8        0x4
                0x08003cc8                PROVIDE (__init_array_start = .)
 *(SORT_BY_NAME(.init_array.*))
 *(.init_array*)
 .init_array    0x08003cc8        0x4 c:/program files/at32ide/platform/tools/gcc-arm-none-eabi-10.3-2021.10/bin/../lib/gcc/arm-none-eabi/10.3.1/thumb/v7e-m+fp/hard/crtbegin.o
                0x08003ccc                PROVIDE (__init_array_end = .)

.fini_array     0x08003ccc        0x4
                [!provide]                PROVIDE (__fini_array_start = .)
 *(SORT_BY_NAME(.fini_array.*))
 *(.fini_array*)
 .fini_array    0x08003ccc        0x4 c:/program files/at32ide/platform/tools/gcc-arm-none-eabi-10.3-2021.10/bin/../lib/gcc/arm-none-eabi/10.3.1/thumb/v7e-m+fp/hard/crtbegin.o
                [!provide]                PROVIDE (__fini_array_end = .)
                0x08003cd0                _sidata = LOADADDR (.data)

.data           0x20000000      0x1e4 load address 0x08003cd0
                0x20000000                . = ALIGN (0x4)
                0x20000000                _sdata = .
 *(.data)
 .data          0x20000000       0x24 ./user/can_interrupt.o
                0x20000000                _cans
                0x20000008                _can_irq
                0x2000000c                _can_crm
                0x20000014                _can_tx_gpio
                0x2000001c                _can_tx_pin
 .data          0x20000024        0x9 ./user/main.o
                0x20000024                g_speed
                0x20000026                tmr_pr
                0x20000028                tmr_dt
                0x2000002a                tmr_dt_inc
                0x2000002c                pb9_mode
 *fill*         0x2000002d        0x3 
 .data          0x20000030       0x44 ./user/spi_interrupts.o
                0x20000030                _spis
                0x20000040                _spi_irq
                0x20000044                _spi_crm
                0x20000054                _spi_mosi_gpio
                0x20000064                _spi_mosi_pin
 .data          0x20000074       0x80 ./user/tmr_interrupt.o
                0x20000074                _tmrs
                0x200000ac                _tmr_irq
                0x200000bc                _tmr_crm
 .data          0x200000f4       0x88 ./user/usart_interrupts.o
                0x200000f4                _usarts
                0x20000114                _usart_irq
                0x2000011c                _usart_crm
                0x2000013c                _usart_tx_gpio
                0x2000015c                _usart_tx_pin
 .data          0x2000017c        0x4 ./cmsis/system_at32f403a_407.o
                0x2000017c                system_core_clock
 *(.data*)
 .data._impure_ptr
                0x20000180        0x4 c:/program files/at32ide/platform/tools/gcc-arm-none-eabi-10.3-2021.10/bin/../lib/gcc/arm-none-eabi/10.3.1/../../../../arm-none-eabi/lib/thumb/v7e-m+fp/hard\libg_nano.a(lib_a-impure.o)
                0x20000180                _impure_ptr
 .data.impure_data
                0x20000184       0x60 c:/program files/at32ide/platform/tools/gcc-arm-none-eabi-10.3-2021.10/bin/../lib/gcc/arm-none-eabi/10.3.1/../../../../arm-none-eabi/lib/thumb/v7e-m+fp/hard\libg_nano.a(lib_a-impure.o)
                0x200001e4                . = ALIGN (0x4)
                0x200001e4                _edata = .

.igot.plt       0x200001e4        0x0 load address 0x08003eb4
 .igot.plt      0x200001e4        0x0 c:/program files/at32ide/platform/tools/gcc-arm-none-eabi-10.3-2021.10/bin/../lib/gcc/arm-none-eabi/10.3.1/thumb/v7e-m+fp/hard/crtbegin.o
                0x200001e4                . = ALIGN (0x4)

.bss            0x200001e4       0xe8 load address 0x08003eb4
                0x200001e4                _sbss = .
                0x200001e4                __bss_start__ = _sbss
 *(.bss)
 .bss           0x200001e4       0x1c c:/program files/at32ide/platform/tools/gcc-arm-none-eabi-10.3-2021.10/bin/../lib/gcc/arm-none-eabi/10.3.1/thumb/v7e-m+fp/hard/crtbegin.o
 .bss           0x20000200        0xa ./user/can_interrupt.o
                0x20000200                _can_flags
                0x20000208                _can_transmit_started
 *fill*         0x2000020a        0x2 
 .bss           0x2000020c       0x10 ./user/main.o
                0x2000020c                prescaler_value
                0x20000210                tmr_oc_init_structure
                0x20000218                pb9_remap
 .bss           0x2000021c       0x18 ./user/spi_interrupts.o
                0x2000021c                _spi_flags
                0x2000022c                _spi_transmit_started
                0x20000230                _spi_bytes
 .bss           0x20000234       0x4a ./user/tmr_interrupt.o
                0x20000234                _tmrIndex
                0x20000238                _tmr_flags
                0x20000270                _tmr_transmit_started
 *fill*         0x2000027e        0x2 
 .bss           0x20000280       0x30 ./user/usart_interrupts.o
                0x20000280                _usart_flags
                0x200002a0                _usarts_transmit_started
                0x200002a8                _usart_bytes
 .bss           0x200002b0        0x8 ./bsp/at32f403a_407_board.o
 *(.bss*)
 .bss.__lock___malloc_recursive_mutex
                0x200002b8        0x1 c:/program files/at32ide/platform/tools/gcc-arm-none-eabi-10.3-2021.10/bin/../lib/gcc/arm-none-eabi/10.3.1/../../../../arm-none-eabi/lib/thumb/v7e-m+fp/hard\libg_nano.a(lib_a-lock.o)
                0x200002b8                __lock___malloc_recursive_mutex
 .bss.__lock___sfp_recursive_mutex
                0x200002b9        0x1 c:/program files/at32ide/platform/tools/gcc-arm-none-eabi-10.3-2021.10/bin/../lib/gcc/arm-none-eabi/10.3.1/../../../../arm-none-eabi/lib/thumb/v7e-m+fp/hard\libg_nano.a(lib_a-lock.o)
                0x200002b9                __lock___sfp_recursive_mutex
 .bss.__lock___sinit_recursive_mutex
                0x200002ba        0x1 c:/program files/at32ide/platform/tools/gcc-arm-none-eabi-10.3-2021.10/bin/../lib/gcc/arm-none-eabi/10.3.1/../../../../arm-none-eabi/lib/thumb/v7e-m+fp/hard\libg_nano.a(lib_a-lock.o)
                0x200002ba                __lock___sinit_recursive_mutex
 *fill*         0x200002bb        0x1 
 .bss.__malloc_free_list
                0x200002bc        0x4 c:/program files/at32ide/platform/tools/gcc-arm-none-eabi-10.3-2021.10/bin/../lib/gcc/arm-none-eabi/10.3.1/../../../../arm-none-eabi/lib/thumb/v7e-m+fp/hard\libg_nano.a(lib_a-nano-mallocr.o)
                0x200002bc                __malloc_free_list
 .bss.__malloc_sbrk_start
                0x200002c0        0x4 c:/program files/at32ide/platform/tools/gcc-arm-none-eabi-10.3-2021.10/bin/../lib/gcc/arm-none-eabi/10.3.1/../../../../arm-none-eabi/lib/thumb/v7e-m+fp/hard\libg_nano.a(lib_a-nano-mallocr.o)
                0x200002c0                __malloc_sbrk_start
 .bss.errno     0x200002c4        0x4 c:/program files/at32ide/platform/tools/gcc-arm-none-eabi-10.3-2021.10/bin/../lib/gcc/arm-none-eabi/10.3.1/../../../../arm-none-eabi/lib/thumb/v7e-m+fp/hard\libg_nano.a(lib_a-reent.o)
                0x200002c4                errno
 .bss.heap_end.0
                0x200002c8        0x4 c:/program files/at32ide/platform/tools/gcc-arm-none-eabi-10.3-2021.10/bin/../lib/gcc/arm-none-eabi/10.3.1/../../../../arm-none-eabi/lib/thumb/v7e-m+fp/hard\libnosys.a(sbrk.o)
 *(COMMON)
                0x200002cc                . = ALIGN (0x4)
                0x200002cc                _ebss = .
                0x200002cc                __bss_end__ = _ebss

._user_heap_stack
                0x200002cc      0x604 load address 0x08003eb4
                0x200002d0                . = ALIGN (0x8)
 *fill*         0x200002cc        0x4 
                0x200002d0                PROVIDE (end = .)
                [!provide]                PROVIDE (_end = .)
                0x200004d0                . = (. + _Min_Heap_Size)
 *fill*         0x200002d0      0x200 
                0x200008d0                . = (. + _Min_Stack_Size)
 *fill*         0x200004d0      0x400 
                0x200008d0                . = ALIGN (0x8)

/DISCARD/
 libc.a(*)
 libm.a(*)
 libgcc.a(*)

.ARM.attributes
                0x00000000       0x30
 *(.ARM.attributes)
 .ARM.attributes
                0x00000000       0x1e c:/program files/at32ide/platform/tools/gcc-arm-none-eabi-10.3-2021.10/bin/../lib/gcc/arm-none-eabi/10.3.1/thumb/v7e-m+fp/hard/crti.o
 .ARM.attributes
                0x0000001e       0x34 c:/program files/at32ide/platform/tools/gcc-arm-none-eabi-10.3-2021.10/bin/../lib/gcc/arm-none-eabi/10.3.1/thumb/v7e-m+fp/hard/crtbegin.o
 .ARM.attributes
                0x00000052       0x34 ./user/at32f403a_407_clock.o
 .ARM.attributes
                0x00000086       0x34 ./user/at32f403a_407_int.o
 .ARM.attributes
                0x000000ba       0x34 ./user/can_interrupt.o
 .ARM.attributes
                0x000000ee       0x34 ./user/main.o
 .ARM.attributes
                0x00000122       0x34 ./user/spi_interrupts.o
 .ARM.attributes
                0x00000156       0x34 ./user/tmr_interrupt.o
 .ARM.attributes
                0x0000018a       0x34 ./user/usart_interrupts.o
 .ARM.attributes
                0x000001be       0x34 ./firmware/at32f403a_407_can.o
 .ARM.attributes
                0x000001f2       0x34 ./firmware/at32f403a_407_crm.o
 .ARM.attributes
                0x00000226       0x34 ./firmware/at32f403a_407_debug.o
 .ARM.attributes
                0x0000025a       0x34 ./firmware/at32f403a_407_exint.o
 .ARM.attributes
                0x0000028e       0x34 ./firmware/at32f403a_407_flash.o
 .ARM.attributes
                0x000002c2       0x34 ./firmware/at32f403a_407_gpio.o
 .ARM.attributes
                0x000002f6       0x34 ./firmware/at32f403a_407_misc.o
 .ARM.attributes
                0x0000032a       0x34 ./firmware/at32f403a_407_spi.o
 .ARM.attributes
                0x0000035e       0x34 ./firmware/at32f403a_407_tmr.o
 .ARM.attributes
                0x00000392       0x34 ./firmware/at32f403a_407_usart.o
 .ARM.attributes
                0x000003c6       0x21 ./cmsis/startup_at32f403a_407.o
 .ARM.attributes
                0x000003e7       0x34 ./cmsis/system_at32f403a_407.o
 .ARM.attributes
                0x0000041b       0x34 ./bsp/at32f403a_407_board.o
 .ARM.attributes
                0x0000044f       0x34 c:/program files/at32ide/platform/tools/gcc-arm-none-eabi-10.3-2021.10/bin/../lib/gcc/arm-none-eabi/10.3.1/../../../../arm-none-eabi/lib/thumb/v7e-m+fp/hard\libg_nano.a(lib_a-impure.o)
 .ARM.attributes
                0x00000483       0x34 c:/program files/at32ide/platform/tools/gcc-arm-none-eabi-10.3-2021.10/bin/../lib/gcc/arm-none-eabi/10.3.1/../../../../arm-none-eabi/lib/thumb/v7e-m+fp/hard\libg_nano.a(lib_a-init.o)
 .ARM.attributes
                0x000004b7       0x34 c:/program files/at32ide/platform/tools/gcc-arm-none-eabi-10.3-2021.10/bin/../lib/gcc/arm-none-eabi/10.3.1/../../../../arm-none-eabi/lib/thumb/v7e-m+fp/hard\libg_nano.a(lib_a-memset.o)
 .ARM.attributes
                0x000004eb       0x34 c:/program files/at32ide/platform/tools/gcc-arm-none-eabi-10.3-2021.10/bin/../lib/gcc/arm-none-eabi/10.3.1/../../../../arm-none-eabi/lib/thumb/v7e-m+fp/hard\libg_nano.a(lib_a-setvbuf.o)
 .ARM.attributes
                0x0000051f       0x34 c:/program files/at32ide/platform/tools/gcc-arm-none-eabi-10.3-2021.10/bin/../lib/gcc/arm-none-eabi/10.3.1/../../../../arm-none-eabi/lib/thumb/v7e-m+fp/hard\libg_nano.a(lib_a-fflush.o)
 .ARM.attributes
                0x00000553       0x34 c:/program files/at32ide/platform/tools/gcc-arm-none-eabi-10.3-2021.10/bin/../lib/gcc/arm-none-eabi/10.3.1/../../../../arm-none-eabi/lib/thumb/v7e-m+fp/hard\libg_nano.a(lib_a-findfp.o)
 .ARM.attributes
                0x00000587       0x34 c:/program files/at32ide/platform/tools/gcc-arm-none-eabi-10.3-2021.10/bin/../lib/gcc/arm-none-eabi/10.3.1/../../../../arm-none-eabi/lib/thumb/v7e-m+fp/hard\libg_nano.a(lib_a-fwalk.o)
 .ARM.attributes
                0x000005bb       0x34 c:/program files/at32ide/platform/tools/gcc-arm-none-eabi-10.3-2021.10/bin/../lib/gcc/arm-none-eabi/10.3.1/../../../../arm-none-eabi/lib/thumb/v7e-m+fp/hard\libg_nano.a(lib_a-lock.o)
 .ARM.attributes
                0x000005ef       0x34 c:/program files/at32ide/platform/tools/gcc-arm-none-eabi-10.3-2021.10/bin/../lib/gcc/arm-none-eabi/10.3.1/../../../../arm-none-eabi/lib/thumb/v7e-m+fp/hard\libg_nano.a(lib_a-makebuf.o)
 .ARM.attributes
                0x00000623       0x34 c:/program files/at32ide/platform/tools/gcc-arm-none-eabi-10.3-2021.10/bin/../lib/gcc/arm-none-eabi/10.3.1/../../../../arm-none-eabi/lib/thumb/v7e-m+fp/hard\libg_nano.a(lib_a-malloc.o)
 .ARM.attributes
                0x00000657       0x34 c:/program files/at32ide/platform/tools/gcc-arm-none-eabi-10.3-2021.10/bin/../lib/gcc/arm-none-eabi/10.3.1/../../../../arm-none-eabi/lib/thumb/v7e-m+fp/hard\libg_nano.a(lib_a-nano-freer.o)
 .ARM.attributes
                0x0000068b       0x34 c:/program files/at32ide/platform/tools/gcc-arm-none-eabi-10.3-2021.10/bin/../lib/gcc/arm-none-eabi/10.3.1/../../../../arm-none-eabi/lib/thumb/v7e-m+fp/hard\libg_nano.a(lib_a-nano-mallocr.o)
 .ARM.attributes
                0x000006bf       0x34 c:/program files/at32ide/platform/tools/gcc-arm-none-eabi-10.3-2021.10/bin/../lib/gcc/arm-none-eabi/10.3.1/../../../../arm-none-eabi/lib/thumb/v7e-m+fp/hard\libg_nano.a(lib_a-sbrkr.o)
 .ARM.attributes
                0x000006f3       0x34 c:/program files/at32ide/platform/tools/gcc-arm-none-eabi-10.3-2021.10/bin/../lib/gcc/arm-none-eabi/10.3.1/../../../../arm-none-eabi/lib/thumb/v7e-m+fp/hard\libg_nano.a(lib_a-stdio.o)
 .ARM.attributes
                0x00000727       0x34 c:/program files/at32ide/platform/tools/gcc-arm-none-eabi-10.3-2021.10/bin/../lib/gcc/arm-none-eabi/10.3.1/../../../../arm-none-eabi/lib/thumb/v7e-m+fp/hard\libg_nano.a(lib_a-writer.o)
 .ARM.attributes
                0x0000075b       0x34 c:/program files/at32ide/platform/tools/gcc-arm-none-eabi-10.3-2021.10/bin/../lib/gcc/arm-none-eabi/10.3.1/../../../../arm-none-eabi/lib/thumb/v7e-m+fp/hard\libg_nano.a(lib_a-closer.o)
 .ARM.attributes
                0x0000078f       0x34 c:/program files/at32ide/platform/tools/gcc-arm-none-eabi-10.3-2021.10/bin/../lib/gcc/arm-none-eabi/10.3.1/../../../../arm-none-eabi/lib/thumb/v7e-m+fp/hard\libg_nano.a(lib_a-fstatr.o)
 .ARM.attributes
                0x000007c3       0x34 c:/program files/at32ide/platform/tools/gcc-arm-none-eabi-10.3-2021.10/bin/../lib/gcc/arm-none-eabi/10.3.1/../../../../arm-none-eabi/lib/thumb/v7e-m+fp/hard\libg_nano.a(lib_a-lseekr.o)
 .ARM.attributes
                0x000007f7       0x34 c:/program files/at32ide/platform/tools/gcc-arm-none-eabi-10.3-2021.10/bin/../lib/gcc/arm-none-eabi/10.3.1/../../../../arm-none-eabi/lib/thumb/v7e-m+fp/hard\libg_nano.a(lib_a-mlock.o)
 .ARM.attributes
                0x0000082b       0x34 c:/program files/at32ide/platform/tools/gcc-arm-none-eabi-10.3-2021.10/bin/../lib/gcc/arm-none-eabi/10.3.1/../../../../arm-none-eabi/lib/thumb/v7e-m+fp/hard\libg_nano.a(lib_a-readr.o)
 .ARM.attributes
                0x0000085f       0x34 c:/program files/at32ide/platform/tools/gcc-arm-none-eabi-10.3-2021.10/bin/../lib/gcc/arm-none-eabi/10.3.1/../../../../arm-none-eabi/lib/thumb/v7e-m+fp/hard\libg_nano.a(lib_a-reent.o)
 .ARM.attributes
                0x00000893       0x34 c:/program files/at32ide/platform/tools/gcc-arm-none-eabi-10.3-2021.10/bin/../lib/gcc/arm-none-eabi/10.3.1/../../../../arm-none-eabi/lib/thumb/v7e-m+fp/hard\libnosys.a(close.o)
 .ARM.attributes
                0x000008c7       0x34 c:/program files/at32ide/platform/tools/gcc-arm-none-eabi-10.3-2021.10/bin/../lib/gcc/arm-none-eabi/10.3.1/../../../../arm-none-eabi/lib/thumb/v7e-m+fp/hard\libnosys.a(fstat.o)
 .ARM.attributes
                0x000008fb       0x34 c:/program files/at32ide/platform/tools/gcc-arm-none-eabi-10.3-2021.10/bin/../lib/gcc/arm-none-eabi/10.3.1/../../../../arm-none-eabi/lib/thumb/v7e-m+fp/hard\libnosys.a(lseek.o)
 .ARM.attributes
                0x0000092f       0x34 c:/program files/at32ide/platform/tools/gcc-arm-none-eabi-10.3-2021.10/bin/../lib/gcc/arm-none-eabi/10.3.1/../../../../arm-none-eabi/lib/thumb/v7e-m+fp/hard\libnosys.a(read.o)
 .ARM.attributes
                0x00000963       0x34 c:/program files/at32ide/platform/tools/gcc-arm-none-eabi-10.3-2021.10/bin/../lib/gcc/arm-none-eabi/10.3.1/../../../../arm-none-eabi/lib/thumb/v7e-m+fp/hard\libnosys.a(sbrk.o)
 .ARM.attributes
                0x00000997       0x1e c:/program files/at32ide/platform/tools/gcc-arm-none-eabi-10.3-2021.10/bin/../lib/gcc/arm-none-eabi/10.3.1/thumb/v7e-m+fp/hard/crtn.o
OUTPUT(helloworld.elf elf32-littlearm)
LOAD linker stubs
LOAD c:/program files/at32ide/platform/tools/gcc-arm-none-eabi-10.3-2021.10/bin/../lib/gcc/arm-none-eabi/10.3.1/../../../../arm-none-eabi/lib/thumb/v7e-m+fp/hard\libc.a
LOAD c:/program files/at32ide/platform/tools/gcc-arm-none-eabi-10.3-2021.10/bin/../lib/gcc/arm-none-eabi/10.3.1/../../../../arm-none-eabi/lib/thumb/v7e-m+fp/hard\libm.a
LOAD c:/program files/at32ide/platform/tools/gcc-arm-none-eabi-10.3-2021.10/bin/../lib/gcc/arm-none-eabi/10.3.1/thumb/v7e-m+fp/hard\libgcc.a

.debug_info     0x00000000    0x1e9f8
 .debug_info    0x00000000      0x3f0 ./user/at32f403a_407_clock.o
 .debug_info    0x000003f0      0x10e ./user/at32f403a_407_int.o
 .debug_info    0x000004fe     0x2c28 ./user/can_interrupt.o
 .debug_info    0x00003126     0x5792 ./user/main.o
 .debug_info    0x000088b8     0x1c8b ./user/spi_interrupts.o
 .debug_info    0x0000a543     0x17e2 ./user/tmr_interrupt.o
 .debug_info    0x0000bd25     0x1be8 ./user/usart_interrupts.o
 .debug_info    0x0000d90d     0x21a6 ./firmware/at32f403a_407_can.o
 .debug_info    0x0000fab3     0x2465 ./firmware/at32f403a_407_crm.o
 .debug_info    0x00011f18      0x347 ./firmware/at32f403a_407_debug.o
 .debug_info    0x0001225f      0x504 ./firmware/at32f403a_407_exint.o
 .debug_info    0x00012763     0x17dc ./firmware/at32f403a_407_flash.o
 .debug_info    0x00013f3f     0x1f2c ./firmware/at32f403a_407_gpio.o
 .debug_info    0x00015e6b      0x9ea ./firmware/at32f403a_407_misc.o
 .debug_info    0x00016855     0x11e6 ./firmware/at32f403a_407_spi.o
 .debug_info    0x00017a3b     0x2687 ./firmware/at32f403a_407_tmr.o
 .debug_info    0x0001a0c2     0x1061 ./firmware/at32f403a_407_usart.o
 .debug_info    0x0001b123       0x22 ./cmsis/startup_at32f403a_407.o
 .debug_info    0x0001b145     0x1647 ./cmsis/system_at32f403a_407.o
 .debug_info    0x0001c78c     0x226c ./bsp/at32f403a_407_board.o

.debug_abbrev   0x00000000     0x27f2
 .debug_abbrev  0x00000000       0x78 ./user/at32f403a_407_clock.o
 .debug_abbrev  0x00000078       0x44 ./user/at32f403a_407_int.o
 .debug_abbrev  0x000000bc      0x239 ./user/can_interrupt.o
 .debug_abbrev  0x000002f5      0x474 ./user/main.o
 .debug_abbrev  0x00000769      0x1ee ./user/spi_interrupts.o
 .debug_abbrev  0x00000957      0x21b ./user/tmr_interrupt.o
 .debug_abbrev  0x00000b72      0x28e ./user/usart_interrupts.o
 .debug_abbrev  0x00000e00      0x268 ./firmware/at32f403a_407_can.o
 .debug_abbrev  0x00001068      0x229 ./firmware/at32f403a_407_crm.o
 .debug_abbrev  0x00001291      0x127 ./firmware/at32f403a_407_debug.o
 .debug_abbrev  0x000013b8      0x17b ./firmware/at32f403a_407_exint.o
 .debug_abbrev  0x00001533      0x2bc ./firmware/at32f403a_407_flash.o
 .debug_abbrev  0x000017ef      0x215 ./firmware/at32f403a_407_gpio.o
 .debug_abbrev  0x00001a04      0x245 ./firmware/at32f403a_407_misc.o
 .debug_abbrev  0x00001c49      0x203 ./firmware/at32f403a_407_spi.o
 .debug_abbrev  0x00001e4c      0x1e5 ./firmware/at32f403a_407_tmr.o
 .debug_abbrev  0x00002031      0x237 ./firmware/at32f403a_407_usart.o
 .debug_abbrev  0x00002268       0x12 ./cmsis/startup_at32f403a_407.o
 .debug_abbrev  0x0000227a      0x187 ./cmsis/system_at32f403a_407.o
 .debug_abbrev  0x00002401      0x3f1 ./bsp/at32f403a_407_board.o

.debug_aranges  0x00000000      0xd38
 .debug_aranges
                0x00000000       0x30 ./user/at32f403a_407_clock.o
 .debug_aranges
                0x00000030       0x60 ./user/at32f403a_407_int.o
 .debug_aranges
                0x00000090       0x50 ./user/can_interrupt.o
 .debug_aranges
                0x000000e0      0x108 ./user/main.o
 .debug_aranges
                0x000001e8       0x58 ./user/spi_interrupts.o
 .debug_aranges
                0x00000240       0xa0 ./user/tmr_interrupt.o
 .debug_aranges
                0x000002e0       0x98 ./user/usart_interrupts.o
 .debug_aranges
                0x00000378       0xd8 ./firmware/at32f403a_407_can.o
 .debug_aranges
                0x00000450      0x138 ./firmware/at32f403a_407_crm.o
 .debug_aranges
                0x00000588       0x28 ./firmware/at32f403a_407_debug.o
 .debug_aranges
                0x000005b0       0x58 ./firmware/at32f403a_407_exint.o
 .debug_aranges
                0x00000608      0x180 ./firmware/at32f403a_407_flash.o
 .debug_aranges
                0x00000788       0xa8 ./firmware/at32f403a_407_gpio.o
 .debug_aranges
                0x00000830       0x88 ./firmware/at32f403a_407_misc.o
 .debug_aranges
                0x000008b8       0xd0 ./firmware/at32f403a_407_spi.o
 .debug_aranges
                0x00000988      0x1d0 ./firmware/at32f403a_407_tmr.o
 .debug_aranges
                0x00000b58      0x100 ./firmware/at32f403a_407_usart.o
 .debug_aranges
                0x00000c58       0x28 ./cmsis/startup_at32f403a_407.o
 .debug_aranges
                0x00000c80       0x28 ./cmsis/system_at32f403a_407.o
 .debug_aranges
                0x00000ca8       0x90 ./bsp/at32f403a_407_board.o

.debug_ranges   0x00000000      0xc00
 .debug_ranges  0x00000000       0x20 ./user/at32f403a_407_clock.o
 .debug_ranges  0x00000020       0x50 ./user/at32f403a_407_int.o
 .debug_ranges  0x00000070       0x40 ./user/can_interrupt.o
 .debug_ranges  0x000000b0       0xf8 ./user/main.o
 .debug_ranges  0x000001a8       0x48 ./user/spi_interrupts.o
 .debug_ranges  0x000001f0       0x90 ./user/tmr_interrupt.o
 .debug_ranges  0x00000280       0x88 ./user/usart_interrupts.o
 .debug_ranges  0x00000308       0xc8 ./firmware/at32f403a_407_can.o
 .debug_ranges  0x000003d0      0x128 ./firmware/at32f403a_407_crm.o
 .debug_ranges  0x000004f8       0x18 ./firmware/at32f403a_407_debug.o
 .debug_ranges  0x00000510       0x48 ./firmware/at32f403a_407_exint.o
 .debug_ranges  0x00000558      0x170 ./firmware/at32f403a_407_flash.o
 .debug_ranges  0x000006c8       0x98 ./firmware/at32f403a_407_gpio.o
 .debug_ranges  0x00000760       0x78 ./firmware/at32f403a_407_misc.o
 .debug_ranges  0x000007d8       0xc0 ./firmware/at32f403a_407_spi.o
 .debug_ranges  0x00000898      0x1c0 ./firmware/at32f403a_407_tmr.o
 .debug_ranges  0x00000a58       0xf0 ./firmware/at32f403a_407_usart.o
 .debug_ranges  0x00000b48       0x20 ./cmsis/startup_at32f403a_407.o
 .debug_ranges  0x00000b68       0x18 ./cmsis/system_at32f403a_407.o
 .debug_ranges  0x00000b80       0x80 ./bsp/at32f403a_407_board.o

.debug_line     0x00000000     0x6bfa
 .debug_line    0x00000000      0x26c ./user/at32f403a_407_clock.o
 .debug_line    0x0000026c       0xfd ./user/at32f403a_407_int.o
 .debug_line    0x00000369      0x35d ./user/can_interrupt.o
 .debug_line    0x000006c6      0x94e ./user/main.o
 .debug_line    0x00001014      0x348 ./user/spi_interrupts.o
 .debug_line    0x0000135c      0x3fa ./user/tmr_interrupt.o
 .debug_line    0x00001756      0x46a ./user/usart_interrupts.o
 .debug_line    0x00001bc0      0xabe ./firmware/at32f403a_407_can.o
 .debug_line    0x0000267e      0x851 ./firmware/at32f403a_407_crm.o
 .debug_line    0x00002ecf      0x1e2 ./firmware/at32f403a_407_debug.o
 .debug_line    0x000030b1      0x320 ./firmware/at32f403a_407_exint.o
 .debug_line    0x000033d1      0xc5e ./firmware/at32f403a_407_flash.o
 .debug_line    0x0000402f      0x59d ./firmware/at32f403a_407_gpio.o
 .debug_line    0x000045cc      0x45e ./firmware/at32f403a_407_misc.o
 .debug_line    0x00004a2a      0x658 ./firmware/at32f403a_407_spi.o
 .debug_line    0x00005082      0xbdc ./firmware/at32f403a_407_tmr.o
 .debug_line    0x00005c5e      0x590 ./firmware/at32f403a_407_usart.o
 .debug_line    0x000061ee       0x7c ./cmsis/startup_at32f403a_407.o
 .debug_line    0x0000626a      0x356 ./cmsis/system_at32f403a_407.o
 .debug_line    0x000065c0      0x63a ./bsp/at32f403a_407_board.o

.debug_str      0x00000000     0x903d
 .debug_str     0x00000000      0x7f1 ./user/at32f403a_407_clock.o
                                0x83a (size before relaxing)
 .debug_str     0x000007f1       0xac ./user/at32f403a_407_int.o
                                0x1fd (size before relaxing)
 .debug_str     0x0000089d     0x1dc3 ./user/can_interrupt.o
                               0x1f94 (size before relaxing)
 .debug_str     0x00002660     0x1425 ./user/main.o
                               0x336e (size before relaxing)
 .debug_str     0x00003a85      0x101 ./user/spi_interrupts.o
                               0x187e (size before relaxing)
 .debug_str     0x00003b86      0x1da ./user/tmr_interrupt.o
                               0x157f (size before relaxing)
 .debug_str     0x00003d60      0x1ae ./user/usart_interrupts.o
                               0x1653 (size before relaxing)
 .debug_str     0x00003f0e      0x990 ./firmware/at32f403a_407_can.o
                               0x176b (size before relaxing)
 .debug_str     0x0000489e     0x106e ./firmware/at32f403a_407_crm.o
                               0x2266 (size before relaxing)
 .debug_str     0x0000590c      0x1a1 ./firmware/at32f403a_407_debug.o
                                0x361 (size before relaxing)
 .debug_str     0x00005aad      0x164 ./firmware/at32f403a_407_exint.o
                                0x422 (size before relaxing)
 .debug_str     0x00005c11      0x863 ./firmware/at32f403a_407_flash.o
                                0xb7b (size before relaxing)
 .debug_str     0x00006474      0x6fb ./firmware/at32f403a_407_gpio.o
                               0x13bf (size before relaxing)
 .debug_str     0x00006b6f      0x3b0 ./firmware/at32f403a_407_misc.o
                                0xafd (size before relaxing)
 .debug_str     0x00006f1f      0x6c3 ./firmware/at32f403a_407_spi.o
                               0x11e7 (size before relaxing)
 .debug_str     0x000075e2     0x12b0 ./firmware/at32f403a_407_tmr.o
                               0x201a (size before relaxing)
 .debug_str     0x00008892      0x5c5 ./firmware/at32f403a_407_usart.o
                                0xdeb (size before relaxing)
 .debug_str     0x00008e57       0x2f ./cmsis/startup_at32f403a_407.o
                                 0x68 (size before relaxing)
 .debug_str     0x00008e86       0x56 ./cmsis/system_at32f403a_407.o
                                0xb4b (size before relaxing)
 .debug_str     0x00008edc      0x161 ./bsp/at32f403a_407_board.o
                               0x1494 (size before relaxing)

.comment        0x00000000       0x49
 .comment       0x00000000       0x49 ./user/at32f403a_407_clock.o
                                 0x4a (size before relaxing)
 .comment       0x00000049       0x4a ./user/at32f403a_407_int.o
 .comment       0x00000049       0x4a ./user/can_interrupt.o
 .comment       0x00000049       0x4a ./user/main.o
 .comment       0x00000049       0x4a ./user/spi_interrupts.o
 .comment       0x00000049       0x4a ./user/tmr_interrupt.o
 .comment       0x00000049       0x4a ./user/usart_interrupts.o
 .comment       0x00000049       0x4a ./firmware/at32f403a_407_can.o
 .comment       0x00000049       0x4a ./firmware/at32f403a_407_crm.o
 .comment       0x00000049       0x4a ./firmware/at32f403a_407_debug.o
 .comment       0x00000049       0x4a ./firmware/at32f403a_407_exint.o
 .comment       0x00000049       0x4a ./firmware/at32f403a_407_flash.o
 .comment       0x00000049       0x4a ./firmware/at32f403a_407_gpio.o
 .comment       0x00000049       0x4a ./firmware/at32f403a_407_misc.o
 .comment       0x00000049       0x4a ./firmware/at32f403a_407_spi.o
 .comment       0x00000049       0x4a ./firmware/at32f403a_407_tmr.o
 .comment       0x00000049       0x4a ./firmware/at32f403a_407_usart.o
 .comment       0x00000049       0x4a ./cmsis/system_at32f403a_407.o
 .comment       0x00000049       0x4a ./bsp/at32f403a_407_board.o

.debug_frame    0x00000000     0x3bfc
 .debug_frame   0x00000000       0x64 ./user/at32f403a_407_clock.o
 .debug_frame   0x00000064      0x110 ./user/at32f403a_407_int.o
 .debug_frame   0x00000174       0xfc ./user/can_interrupt.o
 .debug_frame   0x00000270      0x3f4 ./user/main.o
 .debug_frame   0x00000664      0x110 ./user/spi_interrupts.o
 .debug_frame   0x00000774      0x210 ./user/tmr_interrupt.o
 .debug_frame   0x00000984      0x214 ./user/usart_interrupts.o
 .debug_frame   0x00000b98      0x3c8 ./firmware/at32f403a_407_can.o
 .debug_frame   0x00000f60      0x590 ./firmware/at32f403a_407_crm.o
 .debug_frame   0x000014f0       0x58 ./firmware/at32f403a_407_debug.o
 .debug_frame   0x00001548      0x148 ./firmware/at32f403a_407_exint.o
 .debug_frame   0x00001690      0x650 ./firmware/at32f403a_407_flash.o
 .debug_frame   0x00001ce0      0x2d0 ./firmware/at32f403a_407_gpio.o
 .debug_frame   0x00001fb0      0x210 ./firmware/at32f403a_407_misc.o
 .debug_frame   0x000021c0      0x3a4 ./firmware/at32f403a_407_spi.o
 .debug_frame   0x00002564      0x89c ./firmware/at32f403a_407_tmr.o
 .debug_frame   0x00002e00      0x490 ./firmware/at32f403a_407_usart.o
 .debug_frame   0x00003290       0x54 ./cmsis/system_at32f403a_407.o
 .debug_frame   0x000032e4      0x220 ./bsp/at32f403a_407_board.o
 .debug_frame   0x00003504       0x2c c:/program files/at32ide/platform/tools/gcc-arm-none-eabi-10.3-2021.10/bin/../lib/gcc/arm-none-eabi/10.3.1/../../../../arm-none-eabi/lib/thumb/v7e-m+fp/hard\libg_nano.a(lib_a-init.o)
 .debug_frame   0x00003530       0x20 c:/program files/at32ide/platform/tools/gcc-arm-none-eabi-10.3-2021.10/bin/../lib/gcc/arm-none-eabi/10.3.1/../../../../arm-none-eabi/lib/thumb/v7e-m+fp/hard\libg_nano.a(lib_a-memset.o)
 .debug_frame   0x00003550       0x38 c:/program files/at32ide/platform/tools/gcc-arm-none-eabi-10.3-2021.10/bin/../lib/gcc/arm-none-eabi/10.3.1/../../../../arm-none-eabi/lib/thumb/v7e-m+fp/hard\libg_nano.a(lib_a-setvbuf.o)
 .debug_frame   0x00003588       0x5c c:/program files/at32ide/platform/tools/gcc-arm-none-eabi-10.3-2021.10/bin/../lib/gcc/arm-none-eabi/10.3.1/../../../../arm-none-eabi/lib/thumb/v7e-m+fp/hard\libg_nano.a(lib_a-fflush.o)
 .debug_frame   0x000035e4      0x14c c:/program files/at32ide/platform/tools/gcc-arm-none-eabi-10.3-2021.10/bin/../lib/gcc/arm-none-eabi/10.3.1/../../../../arm-none-eabi/lib/thumb/v7e-m+fp/hard\libg_nano.a(lib_a-findfp.o)
 .debug_frame   0x00003730       0x54 c:/program files/at32ide/platform/tools/gcc-arm-none-eabi-10.3-2021.10/bin/../lib/gcc/arm-none-eabi/10.3.1/../../../../arm-none-eabi/lib/thumb/v7e-m+fp/hard\libg_nano.a(lib_a-fwalk.o)
 .debug_frame   0x00003784       0xb0 c:/program files/at32ide/platform/tools/gcc-arm-none-eabi-10.3-2021.10/bin/../lib/gcc/arm-none-eabi/10.3.1/../../../../arm-none-eabi/lib/thumb/v7e-m+fp/hard\libg_nano.a(lib_a-lock.o)
 .debug_frame   0x00003834       0x58 c:/program files/at32ide/platform/tools/gcc-arm-none-eabi-10.3-2021.10/bin/../lib/gcc/arm-none-eabi/10.3.1/../../../../arm-none-eabi/lib/thumb/v7e-m+fp/hard\libg_nano.a(lib_a-makebuf.o)
 .debug_frame   0x0000388c       0x30 c:/program files/at32ide/platform/tools/gcc-arm-none-eabi-10.3-2021.10/bin/../lib/gcc/arm-none-eabi/10.3.1/../../../../arm-none-eabi/lib/thumb/v7e-m+fp/hard\libg_nano.a(lib_a-malloc.o)
 .debug_frame   0x000038bc       0x38 c:/program files/at32ide/platform/tools/gcc-arm-none-eabi-10.3-2021.10/bin/../lib/gcc/arm-none-eabi/10.3.1/../../../../arm-none-eabi/lib/thumb/v7e-m+fp/hard\libg_nano.a(lib_a-nano-freer.o)
 .debug_frame   0x000038f4       0x4c c:/program files/at32ide/platform/tools/gcc-arm-none-eabi-10.3-2021.10/bin/../lib/gcc/arm-none-eabi/10.3.1/../../../../arm-none-eabi/lib/thumb/v7e-m+fp/hard\libg_nano.a(lib_a-nano-mallocr.o)
 .debug_frame   0x00003940       0x2c c:/program files/at32ide/platform/tools/gcc-arm-none-eabi-10.3-2021.10/bin/../lib/gcc/arm-none-eabi/10.3.1/../../../../arm-none-eabi/lib/thumb/v7e-m+fp/hard\libg_nano.a(lib_a-sbrkr.o)
 .debug_frame   0x0000396c       0x88 c:/program files/at32ide/platform/tools/gcc-arm-none-eabi-10.3-2021.10/bin/../lib/gcc/arm-none-eabi/10.3.1/../../../../arm-none-eabi/lib/thumb/v7e-m+fp/hard\libg_nano.a(lib_a-stdio.o)
 .debug_frame   0x000039f4       0x2c c:/program files/at32ide/platform/tools/gcc-arm-none-eabi-10.3-2021.10/bin/../lib/gcc/arm-none-eabi/10.3.1/../../../../arm-none-eabi/lib/thumb/v7e-m+fp/hard\libg_nano.a(lib_a-writer.o)
 .debug_frame   0x00003a20       0x2c c:/program files/at32ide/platform/tools/gcc-arm-none-eabi-10.3-2021.10/bin/../lib/gcc/arm-none-eabi/10.3.1/../../../../arm-none-eabi/lib/thumb/v7e-m+fp/hard\libg_nano.a(lib_a-closer.o)
 .debug_frame   0x00003a4c       0x2c c:/program files/at32ide/platform/tools/gcc-arm-none-eabi-10.3-2021.10/bin/../lib/gcc/arm-none-eabi/10.3.1/../../../../arm-none-eabi/lib/thumb/v7e-m+fp/hard\libg_nano.a(lib_a-fstatr.o)
 .debug_frame   0x00003a78       0x2c c:/program files/at32ide/platform/tools/gcc-arm-none-eabi-10.3-2021.10/bin/../lib/gcc/arm-none-eabi/10.3.1/../../../../arm-none-eabi/lib/thumb/v7e-m+fp/hard\libg_nano.a(lib_a-lseekr.o)
 .debug_frame   0x00003aa4       0x30 c:/program files/at32ide/platform/tools/gcc-arm-none-eabi-10.3-2021.10/bin/../lib/gcc/arm-none-eabi/10.3.1/../../../../arm-none-eabi/lib/thumb/v7e-m+fp/hard\libg_nano.a(lib_a-mlock.o)
 .debug_frame   0x00003ad4       0x2c c:/program files/at32ide/platform/tools/gcc-arm-none-eabi-10.3-2021.10/bin/../lib/gcc/arm-none-eabi/10.3.1/../../../../arm-none-eabi/lib/thumb/v7e-m+fp/hard\libg_nano.a(lib_a-readr.o)
 .debug_frame   0x00003b00       0x5c c:/program files/at32ide/platform/tools/gcc-arm-none-eabi-10.3-2021.10/bin/../lib/gcc/arm-none-eabi/10.3.1/../../../../arm-none-eabi/lib/thumb/v7e-m+fp/hard\libg_nano.a(lib_a-reent.o)
 .debug_frame   0x00003b5c       0x20 c:/program files/at32ide/platform/tools/gcc-arm-none-eabi-10.3-2021.10/bin/../lib/gcc/arm-none-eabi/10.3.1/../../../../arm-none-eabi/lib/thumb/v7e-m+fp/hard\libnosys.a(close.o)
 .debug_frame   0x00003b7c       0x20 c:/program files/at32ide/platform/tools/gcc-arm-none-eabi-10.3-2021.10/bin/../lib/gcc/arm-none-eabi/10.3.1/../../../../arm-none-eabi/lib/thumb/v7e-m+fp/hard\libnosys.a(fstat.o)
 .debug_frame   0x00003b9c       0x20 c:/program files/at32ide/platform/tools/gcc-arm-none-eabi-10.3-2021.10/bin/../lib/gcc/arm-none-eabi/10.3.1/../../../../arm-none-eabi/lib/thumb/v7e-m+fp/hard\libnosys.a(lseek.o)
 .debug_frame   0x00003bbc       0x20 c:/program files/at32ide/platform/tools/gcc-arm-none-eabi-10.3-2021.10/bin/../lib/gcc/arm-none-eabi/10.3.1/../../../../arm-none-eabi/lib/thumb/v7e-m+fp/hard\libnosys.a(read.o)
 .debug_frame   0x00003bdc       0x20 c:/program files/at32ide/platform/tools/gcc-arm-none-eabi-10.3-2021.10/bin/../lib/gcc/arm-none-eabi/10.3.1/../../../../arm-none-eabi/lib/thumb/v7e-m+fp/hard\libnosys.a(sbrk.o)

.stab           0x00000000       0x6c
 .stab          0x00000000       0x24 c:/program files/at32ide/platform/tools/gcc-arm-none-eabi-10.3-2021.10/bin/../lib/gcc/arm-none-eabi/10.3.1/../../../../arm-none-eabi/lib/thumb/v7e-m+fp/hard\libnosys.a(close.o)
 .stab          0x00000024       0x18 c:/program files/at32ide/platform/tools/gcc-arm-none-eabi-10.3-2021.10/bin/../lib/gcc/arm-none-eabi/10.3.1/../../../../arm-none-eabi/lib/thumb/v7e-m+fp/hard\libnosys.a(fstat.o)
                                 0x24 (size before relaxing)
 .stab          0x0000003c       0x18 c:/program files/at32ide/platform/tools/gcc-arm-none-eabi-10.3-2021.10/bin/../lib/gcc/arm-none-eabi/10.3.1/../../../../arm-none-eabi/lib/thumb/v7e-m+fp/hard\libnosys.a(lseek.o)
                                 0x24 (size before relaxing)
 .stab          0x00000054       0x18 c:/program files/at32ide/platform/tools/gcc-arm-none-eabi-10.3-2021.10/bin/../lib/gcc/arm-none-eabi/10.3.1/../../../../arm-none-eabi/lib/thumb/v7e-m+fp/hard\libnosys.a(read.o)
                                 0x24 (size before relaxing)

.stabstr        0x00000000      0x117
 .stabstr       0x00000000      0x117 c:/program files/at32ide/platform/tools/gcc-arm-none-eabi-10.3-2021.10/bin/../lib/gcc/arm-none-eabi/10.3.1/../../../../arm-none-eabi/lib/thumb/v7e-m+fp/hard\libnosys.a(close.o)
